Dec  5 23:52:56 ubuntu kernel: [    1.737088] ima: Allocated hash algorithm: sha1
Dec  5 23:52:56 ubuntu kernel: [    1.737108] ima: No architecture policies found
Dec  5 23:52:56 ubuntu kernel: [    1.737138] evm: Initialising EVM extended attributes:
Dec  5 23:52:56 ubuntu kernel: [    1.737141] evm: security.selinux
Dec  5 23:52:56 ubuntu kernel: [    1.737145] evm: security.SMACK64
Dec  5 23:52:56 ubuntu kernel: [    1.737147] evm: security.SMACK64EXEC
Dec  5 23:52:56 ubuntu kernel: [    1.737150] evm: security.SMACK64TRANSMUTE
Dec  5 23:52:56 ubuntu kernel: [    1.737153] evm: security.SMACK64MMAP
Dec  5 23:52:56 ubuntu kernel: [    1.737156] evm: security.apparmor
Dec  5 23:52:56 ubuntu kernel: [    1.737159] evm: security.ima
Dec  5 23:52:56 ubuntu kernel: [    1.737162] evm: security.capability
Dec  5 23:52:56 ubuntu kernel: [    1.737165] evm: HMAC attrs: 0x1
Dec  5 23:52:56 ubuntu kernel: [    1.740903] uart-pl011 fe201000.serial: cts_event_workaround enabled
Dec  5 23:52:56 ubuntu kernel: [    1.740961] fe201000.serial: ttyAMA0 at MMIO 0xfe201000 (irq = 14, base_baud = 0) is a PL011 rev2
Dec  5 23:52:56 ubuntu kernel: [    1.775043] printk: console [ttyS0] disabled
Dec  5 23:52:56 ubuntu kernel: [    1.775073] fe215040.serial: ttyS0 at MMIO 0x0 (irq = 16, base_baud = 62500000) is a 16550
Dec  5 23:52:56 ubuntu kernel: [    1.788709] printk: console [ttyS0] enabled
Dec  5 23:52:56 ubuntu kernel: [    1.789042] bcm2835-power bcm2835-power: Broadcom BCM2835 power domains driver
Dec  5 23:52:56 ubuntu kernel: [    1.790694] mmc-bcm2835 fe300000.mmcnr: mmc_debug:0 mmc_debug2:0
Dec  5 23:52:56 ubuntu kernel: [    1.790700] mmc-bcm2835 fe300000.mmcnr: DMA channel allocated
Dec  5 23:52:56 ubuntu kernel: [    1.833827] mmc1: queuing unknown CIS tuple 0x80 (2 bytes)
Dec  5 23:52:56 ubuntu kernel: [    1.835341] mmc1: queuing unknown CIS tuple 0x80 (3 bytes)
Dec  5 23:52:56 ubuntu kernel: [    1.836848] mmc1: queuing unknown CIS tuple 0x80 (3 bytes)
Dec  5 23:52:56 ubuntu kernel: [    1.839560] mmc1: queuing unknown CIS tuple 0x80 (7 bytes)
Dec  5 23:52:56 ubuntu kernel: [    1.841067] mmc1: queuing unknown CIS tuple 0x80 (3 bytes)
Dec  5 23:52:56 ubuntu kernel: [    1.854335] mmc0: SDHCI controller on fe340000.emmc2 [fe340000.emmc2] using ADMA
Dec  5 23:52:56 ubuntu kernel: [    1.855291] hctosys: unable to open rtc device (rtc0)
Dec  5 23:52:56 ubuntu kernel: [    1.855539] of_cfs_init
Dec  5 23:52:56 ubuntu kernel: [    1.855606] of_cfs_init: OK
Dec  5 23:52:56 ubuntu kernel: [    1.876121] Freeing unused kernel memory: 4096K
Dec  5 23:52:56 ubuntu kernel: [    1.879399] random: fast init done
Dec  5 23:52:56 ubuntu kernel: [    1.889913] Checked W+X mappings: passed, no W+X pages found
Dec  5 23:52:56 ubuntu kernel: [    1.889919] Run /init as init process
Dec  5 23:52:56 ubuntu kernel: [    1.895785] mmc1: new high speed SDIO card at address 0001
Dec  5 23:52:56 ubuntu kernel: [    1.930354] usb 1-1: new high-speed USB device number 2 using xhci_hcd
Dec  5 23:52:56 ubuntu kernel: [    1.953711] mmc0: new ultra high speed DDR50 SDHC card at address aaaa
Dec  5 23:52:56 ubuntu kernel: [    1.953846] random: systemd-udevd: uninitialized urandom read (16 bytes read)
Dec  5 23:52:56 ubuntu kernel: [    1.954374] mmcblk0: mmc0:aaaa SC32G 29.7 GiB
Dec  5 23:52:56 ubuntu kernel: [    1.957029] random: systemd-udevd: uninitialized urandom read (16 bytes read)
Dec  5 23:52:56 ubuntu kernel: [    1.957062] random: systemd-udevd: uninitialized urandom read (16 bytes read)
Dec  5 23:52:56 ubuntu kernel: [    1.957413]  mmcblk0: p1 p2
Dec  5 23:52:56 ubuntu kernel: [    2.080979] usb 1-1: New USB device found, idVendor=2109, idProduct=3431, bcdDevice= 4.20
Dec  5 23:52:56 ubuntu kernel: [    2.080987] usb 1-1: New USB device strings: Mfr=0, Product=1, SerialNumber=0
Dec  5 23:52:56 ubuntu kernel: [    2.080992] usb 1-1: Product: USB2.0 Hub
Dec  5 23:52:56 ubuntu kernel: [    2.082460] hub 1-1:1.0: USB hub found
Dec  5 23:52:56 ubuntu kernel: [    2.082760] hub 1-1:1.0: 4 ports detected
Dec  5 23:52:56 ubuntu kernel: [    2.494669] usb_phy_generic phy: phy supply vcc not found, using dummy regulator
Dec  5 23:52:56 ubuntu kernel: [    4.590360] raid6: neonx8   gen()  3183 MB/s
Dec  5 23:52:56 ubuntu kernel: [    4.638317] raid6: neonx8   xor()  2825 MB/s
Dec  5 23:52:56 ubuntu kernel: [    4.686335] raid6: neonx4   gen()  2575 MB/s
Dec  5 23:52:56 ubuntu kernel: [    4.734319] raid6: neonx4   xor()  2268 MB/s
Dec  5 23:52:56 ubuntu kernel: [    4.782359] raid6: neonx2   gen()  2273 MB/s
Dec  5 23:52:56 ubuntu kernel: [    4.830319] raid6: neonx2   xor()  2097 MB/s
Dec  5 23:52:56 ubuntu kernel: [    4.878336] raid6: neonx1   gen()  1746 MB/s
Dec  5 23:52:56 ubuntu kernel: [    4.926329] raid6: neonx1   xor()  1554 MB/s
Dec  5 23:52:56 ubuntu kernel: [    4.974349] raid6: int64x8  gen()  1671 MB/s
Dec  5 23:52:56 ubuntu kernel: [    5.022315] raid6: int64x8  xor()  1213 MB/s
Dec  5 23:52:56 ubuntu kernel: [    5.070332] raid6: int64x4  gen()  1491 MB/s
Dec  5 23:52:56 ubuntu kernel: [    5.118341] raid6: int64x4  xor()  1069 MB/s
Dec  5 23:52:56 ubuntu kernel: [    5.166369] raid6: int64x2  gen()  1165 MB/s
Dec  5 23:52:56 ubuntu kernel: [    5.214339] raid6: int64x2  xor()   862 MB/s
Dec  5 23:52:56 ubuntu kernel: [    5.262371] raid6: int64x1  gen()   868 MB/s
Dec  5 23:52:56 ubuntu kernel: [    5.310353] raid6: int64x1  xor()   634 MB/s
Dec  5 23:52:56 ubuntu kernel: [    5.310356] raid6: using algorithm neonx8 gen() 3183 MB/s
Dec  5 23:52:56 ubuntu kernel: [    5.310360] raid6: .... xor() 2825 MB/s, rmw enabled
Dec  5 23:52:56 ubuntu kernel: [    5.310363] raid6: using neon recovery algorithm
Dec  5 23:52:56 ubuntu kernel: [    5.313992] xor: measuring software checksum speed
Dec  5 23:52:56 ubuntu kernel: [    5.350317]    8regs     :  5941.000 MB/sec
Dec  5 23:52:56 ubuntu kernel: [    5.390315]    32regs    :  6778.000 MB/sec
Dec  5 23:52:56 ubuntu kernel: [    5.430317]    arm64_neon:  6117.000 MB/sec
Dec  5 23:52:56 ubuntu kernel: [    5.430321] xor: using function: 32regs (6778.000 MB/sec)
Dec  5 23:52:56 ubuntu kernel: [    5.432127] async_tx: api initialized (async)
Dec  5 23:52:56 ubuntu kernel: [    5.587793] Btrfs loaded, crc32c=crc32c-generic
Dec  5 23:52:56 ubuntu kernel: [    5.762988] EXT4-fs (mmcblk0p2): INFO: recovery required on readonly filesystem
Dec  5 23:52:56 ubuntu kernel: [    5.762995] EXT4-fs (mmcblk0p2): write access will be enabled during recovery
Dec  5 23:52:56 ubuntu kernel: [    6.268691] EXT4-fs (mmcblk0p2): orphan cleanup on readonly fs
Dec  5 23:52:56 ubuntu kernel: [    6.303167] EXT4-fs (mmcblk0p2): 48 orphan inodes deleted
Dec  5 23:52:56 ubuntu kernel: [    6.303174] EXT4-fs (mmcblk0p2): recovery complete
Dec  5 23:52:56 ubuntu kernel: [    6.366579] EXT4-fs (mmcblk0p2): mounted filesystem with ordered data mode. Opts: (null)
Dec  5 23:52:56 ubuntu kernel: [    6.962303] systemd[1]: System time before build time, advancing clock.
Dec  5 23:52:56 ubuntu kernel: [    7.010411] systemd[1]: Inserted module 'autofs4'
Dec  5 23:52:56 ubuntu kernel: [    7.082696] systemd[1]: systemd 245.4-4ubuntu3.3 running in system mode. (+PAM +AUDIT +SELINUX +IMA +APPARMOR +SMACK +SYSVINIT +UTMP +LIBCRYPTSETUP +GCRYPT +GNUTLS +ACL +XZ +LZ4 +SECCOMP +BLKID +ELFUTILS +KMOD +IDN2 -IDN +PCRE2 default-hierarchy=hybrid)
Dec  5 23:52:56 ubuntu kernel: [    7.083376] systemd[1]: Detected architecture arm64.
Dec  5 23:52:56 ubuntu kernel: [    7.158115] systemd[1]: Set hostname to <ubuntu>.
Dec  5 23:52:56 ubuntu kernel: [    7.846730] systemd[1]: /lib/systemd/system/dbus.socket:5: ListenStream= references a path below legacy directory /var/run/, updating /var/run/dbus/system_bus_socket â†’ /run/dbus/system_bus_socket; please update the unit file accordingly.
Dec  5 23:52:56 ubuntu kernel: [    8.024043] systemd[1]: Created slice system-modprobe.slice.
Dec  5 23:52:56 ubuntu kernel: [    8.024904] systemd[1]: Created slice system-serial\x2dgetty.slice.
Dec  5 23:52:56 ubuntu kernel: [    8.025569] systemd[1]: Created slice system-systemd\x2dfsck.slice.
Dec  5 23:52:56 ubuntu kernel: [    8.026134] systemd[1]: Created slice User and Session Slice.
Dec  5 23:52:56 ubuntu kernel: [    8.026434] systemd[1]: Started Forward Password Requests to Wall Directory Watch.
Dec  5 23:52:56 ubuntu kernel: [    8.032477] systemd[1]: Set up automount Arbitrary Executable File Formats File System Automount Point.
Dec  5 23:52:56 ubuntu kernel: [    8.032648] systemd[1]: Reached target User and Group Name Lookups.
Dec  5 23:52:56 ubuntu kernel: [    8.032704] systemd[1]: Reached target Slices.
Dec  5 23:52:56 ubuntu kernel: [    8.032749] systemd[1]: Reached target Swap.
Dec  5 23:52:56 ubuntu kernel: [    8.033028] systemd[1]: Listening on Device-mapper event daemon FIFOs.
Dec  5 23:52:56 ubuntu kernel: [    8.033416] systemd[1]: Listening on LVM2 poll daemon socket.
Dec  5 23:52:56 ubuntu kernel: [    8.033648] systemd[1]: Listening on multipathd control socket.
Dec  5 23:52:56 ubuntu kernel: [    8.033994] systemd[1]: Listening on Syslog Socket.
Dec  5 23:52:56 ubuntu kernel: [    8.034345] systemd[1]: Listening on fsck to fsckd communication Socket.
Dec  5 23:52:56 ubuntu kernel: [    8.034545] systemd[1]: Listening on initctl Compatibility Named Pipe.
Dec  5 23:52:56 ubuntu kernel: [    8.035182] systemd[1]: Listening on Journal Audit Socket.
Dec  5 23:52:56 ubuntu kernel: [    8.035531] systemd[1]: Listening on Journal Socket (/dev/log).
Dec  5 23:52:56 ubuntu kernel: [    8.035951] systemd[1]: Listening on Journal Socket.
Dec  5 23:52:56 ubuntu kernel: [    8.036390] systemd[1]: Listening on Network Service Netlink Socket.
Dec  5 23:52:56 ubuntu kernel: [    8.036753] systemd[1]: Listening on udev Control Socket.
Dec  5 23:52:56 ubuntu kernel: [    8.037024] systemd[1]: Listening on udev Kernel Socket.
Dec  5 23:52:56 ubuntu kernel: [    8.037353] systemd[1]: Condition check resulted in Huge Pages File System being skipped.
Dec  5 23:52:56 ubuntu kernel: [    8.040594] systemd[1]: Mounting POSIX Message Queue File System...
Dec  5 23:52:56 ubuntu kernel: [    8.044345] systemd[1]: Mounting Kernel Debug File System...
Dec  5 23:52:56 ubuntu kernel: [    8.048319] systemd[1]: Mounting Kernel Trace File System...
Dec  5 23:52:56 ubuntu kernel: [    8.053750] systemd[1]: Starting Journal Service...
Dec  5 23:52:56 ubuntu kernel: [    8.057680] systemd[1]: Starting Set the console keyboard layout...
Dec  5 23:52:56 ubuntu kernel: [    8.061542] systemd[1]: Starting Create list of static device nodes for the current kernel...
Dec  5 23:52:56 ubuntu systemd[1]: Starting File System Check on /dev/disk/by-label/system-boot...
Dec  5 23:52:56 ubuntu systemd[1]: Started File System Check Daemon to report status.
Dec  5 23:52:56 ubuntu systemd[1]: Mounted Mount unit for core18, revision 1883.
Dec  5 23:52:56 ubuntu systemd[1]: Mounted Mount unit for core18, revision 1936.
Dec  5 23:52:56 ubuntu systemd[1]: Mounted Mount unit for lxd, revision 16103.
Dec  5 23:52:56 ubuntu systemd[1]: Mounted Mount unit for lxd, revision 18152.
Dec  5 23:52:56 ubuntu systemd[1]: Mounted Mount unit for snapd, revision 10494.
Dec  5 23:52:56 ubuntu kernel: [    8.065584] systemd[1]: Starting Monitoring of LVM2 mirrors, snapshots etc. using dmeventd or progress polling...
Dec  5 23:52:56 ubuntu kernel: [    8.070477] systemd[1]: Starting Load Kernel Module drm...
Dec  5 23:52:56 ubuntu kernel: [    8.070688] systemd[1]: Condition check resulted in OpenVSwitch configuration for cleanup being skipped.
Dec  5 23:52:56 ubuntu kernel: [    8.073042] systemd[1]: Condition check resulted in Set Up Additional Binary Formats being skipped.
Dec  5 23:52:56 ubuntu kernel: [    8.080163] systemd[1]: Starting Load Kernel Modules...
Dec  5 23:52:56 ubuntu systemd[1]: Mounted Mount unit for snapd, revision 8543.
Dec  5 23:52:56 ubuntu kernel: [    8.084219] systemd[1]: Starting Remount Root and Kernel File Systems...
Dec  5 23:52:56 ubuntu kernel: [    8.089806] systemd[1]: Starting udev Coldplug all Devices...
Dec  5 23:52:56 ubuntu kernel: [    8.105442] systemd[1]: Starting Uncomplicated firewall...
Dec  5 23:52:56 ubuntu kernel: [    8.111005] systemd[1]: Mounted POSIX Message Queue File System.
Dec  5 23:52:56 ubuntu kernel: [    8.112220] systemd[1]: Mounted Kernel Debug File System.
Dec  5 23:52:56 ubuntu kernel: [    8.113347] systemd[1]: Mounted Kernel Trace File System.
Dec  5 23:52:56 ubuntu kernel: [    8.116499] systemd[1]: Finished Create list of static device nodes for the current kernel.
Dec  5 23:52:56 ubuntu kernel: [    8.118875] EXT4-fs (mmcblk0p2): re-mounted. Opts: (null)
Dec  5 23:52:56 ubuntu kernel: [    8.119532] systemd[1]: Finished Load Kernel Modules.
Dec  5 23:52:56 ubuntu systemd-fsck[1292]: fsck.fat 4.1 (2017-01-24)
Dec  5 23:52:56 ubuntu kernel: [    8.126694] systemd[1]: Finished Remount Root and Kernel File Systems.
Dec  5 23:52:56 ubuntu kernel: [    8.132864] systemd[1]: Mounting FUSE Control File System...
Dec  5 23:52:56 ubuntu kernel: [    8.138740] systemd[1]: Mounting Kernel Configuration File System...
Dec  5 23:52:56 ubuntu kernel: [    8.150248] systemd[1]: Condition check resulted in Rebuild Hardware Database being skipped.
Dec  5 23:52:56 ubuntu kernel: [    8.150485] systemd[1]: Condition check resulted in Platform Persistent Storage Archival being skipped.
Dec  5 23:52:56 ubuntu kernel: [    8.153933] systemd[1]: Starting Load/Save Random Seed...
Dec  5 23:52:56 ubuntu kernel: [    8.157606] systemd[1]: Starting Apply Kernel Variables...
Dec  5 23:52:56 ubuntu kernel: [    8.161539] systemd[1]: Starting Create System Users...
Dec  5 23:52:56 ubuntu kernel: [    8.177535] systemd[1]: modprobe@drm.service: Succeeded.
Dec  5 23:52:56 ubuntu kernel: [    8.178941] systemd[1]: Finished Load Kernel Module drm.
Dec  5 23:52:56 ubuntu kernel: [    8.181304] systemd[1]: Finished Uncomplicated firewall.
Dec  5 23:52:56 ubuntu kernel: [    8.182254] systemd[1]: Mounted FUSE Control File System.
Dec  5 23:52:56 ubuntu systemd-fsck[1292]: 0x41: Dirty bit is set. Fs was not properly unmounted and some data may be corrupt.
Dec  5 23:52:56 ubuntu kernel: [    8.187857] systemd[1]: Mounted Kernel Configuration File System.
Dec  5 23:52:56 ubuntu kernel: [    8.192459] systemd[1]: Finished Load/Save Random Seed.
Dec  5 23:52:56 ubuntu kernel: [    8.217351] systemd[1]: Finished Create System Users.
Dec  5 23:52:56 ubuntu kernel: [    8.234986] systemd[1]: Starting Create Static Device Nodes in /dev...
Dec  5 23:52:56 ubuntu kernel: [    8.240840] systemd[1]: Started Journal Service.
Dec  5 23:52:56 ubuntu kernel: [    8.267635] systemd-journald[641]: Received client request to flush runtime journal.
Dec  5 23:52:56 ubuntu kernel: [    8.298064] systemd-journald[641]: File /var/log/journal/7f9db6dbcb2e437e917c9931b42c4d44/system.journal corrupted or uncleanly shut down, renaming and replacing.
Dec  5 23:52:56 ubuntu kernel: [    8.786863] rpivid-mem feb00000.hevc-decoder: rpivid-hevcmem initialised: Registers at 0xfeb00000 length 0x00010000
Dec  5 23:52:56 ubuntu kernel: [    8.787129] rpivid-mem feb10000.rpivid-local-intc: rpivid-intcmem initialised: Registers at 0xfeb10000 length 0x00001000
Dec  5 23:52:56 ubuntu kernel: [    8.787335] rpivid-mem feb20000.h264-decoder: rpivid-h264mem initialised: Registers at 0xfeb20000 length 0x00010000
Dec  5 23:52:56 ubuntu systemd-fsck[1292]:  Automatically removing dirty bit.
Dec  5 23:52:56 ubuntu kernel: [    8.787514] rpivid-mem feb30000.vp9-decoder: rpivid-vp9mem initialised: Registers at 0xfeb30000 length 0x00010000
Dec  5 23:52:56 ubuntu kernel: [    8.862993] vc_sm_cma: module is from the staging directory, the quality is unknown, you have been warned.
Dec  5 23:52:56 ubuntu kernel: [    8.863935] vc_sm_cma: module verification failed: signature and/or required key missing - tainting kernel
Dec  5 23:52:56 ubuntu kernel: [    8.865095] bcm2835_vc_sm_cma_probe: Videocore shared memory driver
Dec  5 23:52:56 ubuntu kernel: [    8.865108] [vc_sm_connected_init]: start
Dec  5 23:52:56 ubuntu kernel: [    8.866139] [vc_sm_connected_init]: installed successfully
Dec  5 23:52:56 ubuntu kernel: [    8.911166] mc: Linux media interface: v0.10
Dec  5 23:52:56 ubuntu kernel: [    8.960738] snd_bcm2835: module is from the staging directory, the quality is unknown, you have been warned.
Dec  5 23:52:56 ubuntu systemd-fsck[1292]: /OVERLAYS
Dec  5 23:52:56 ubuntu kernel: [    8.962746] videodev: Linux video capture interface: v2.00
Dec  5 23:52:56 ubuntu kernel: [    8.963742] bcm2835_audio bcm2835_audio: card created with 8 channels
Dec  5 23:52:56 ubuntu kernel: [    9.070590] cfg80211: Loading compiled-in X.509 certificates for regulatory database
Dec  5 23:52:56 ubuntu kernel: [    9.078137] cfg80211: Loaded X.509 cert 'sforshee: 00b28ddf47aef9cea7'
Dec  5 23:52:56 ubuntu kernel: [    9.115321] bcm2835_mmal_vchiq: module is from the staging directory, the quality is unknown, you have been warned.
Dec  5 23:52:56 ubuntu kernel: [    9.116990] bcm2835_mmal_vchiq: module is from the staging directory, the quality is unknown, you have been warned.
Dec  5 23:52:56 ubuntu kernel: [    9.149947] bcm2835_v4l2: module is from the staging directory, the quality is unknown, you have been warned.
Dec  5 23:52:56 ubuntu kernel: [    9.160677] bcm2835_codec: module is from the staging directory, the quality is unknown, you have been warned.
Dec  5 23:52:56 ubuntu kernel: [    9.161617] bcm2835_isp: module is from the staging directory, the quality is unknown, you have been warned.
Dec  5 23:52:56 ubuntu systemd-fsck[1292]:  Start does point to root directory. Deleting dir.
Dec  5 23:52:56 ubuntu kernel: [    9.182815] bcm2835-isp bcm2835-isp: Device node output[0] registered as /dev/video13
Dec  5 23:52:56 ubuntu kernel: [    9.185785] bcm2835-isp bcm2835-isp: Device node capture[0] registered as /dev/video14
Dec  5 23:52:56 ubuntu kernel: [    9.187026] bcm2835-codec bcm2835-codec: Device registered as /dev/video10
Dec  5 23:52:56 ubuntu kernel: [    9.187060] bcm2835-codec bcm2835-codec: Loaded V4L2 decode
Dec  5 23:52:56 ubuntu kernel: [    9.187640] bcm2835-isp bcm2835-isp: Device node capture[1] registered as /dev/video15
Dec  5 23:52:56 ubuntu kernel: [    9.187852] bcm2835-isp bcm2835-isp: Device node stats[2] registered as /dev/video16
Dec  5 23:52:56 ubuntu kernel: [    9.187866] bcm2835-isp bcm2835-isp: Register output node 0 with media controller
Dec  5 23:52:56 ubuntu kernel: [    9.187874] bcm2835-isp bcm2835-isp: Register capture node 1 with media controller
Dec  5 23:52:56 ubuntu kernel: [    9.187880] bcm2835-isp bcm2835-isp: Register capture node 2 with media controller
Dec  5 23:52:56 ubuntu kernel: [    9.187886] bcm2835-isp bcm2835-isp: Register capture node 3 with media controller
Dec  5 23:52:56 ubuntu kernel: [    9.187977] bcm2835-isp bcm2835-isp: Loaded V4L2 bcm2835-isp
Dec  5 23:52:56 ubuntu systemd-fsck[1292]: Performing changes.
Dec  5 23:52:56 ubuntu kernel: [    9.201920] bcm2835-codec bcm2835-codec: Device registered as /dev/video11
Dec  5 23:52:56 ubuntu kernel: [    9.201952] bcm2835-codec bcm2835-codec: Loaded V4L2 encode
Dec  5 23:52:56 ubuntu kernel: [    9.208014] bcm2835-codec bcm2835-codec: Device registered as /dev/video12
Dec  5 23:52:56 ubuntu kernel: [    9.208041] bcm2835-codec bcm2835-codec: Loaded V4L2 isp
Dec  5 23:52:56 ubuntu kernel: [    9.257104] brcmfmac: F1 signature read @0x18000000=0x15264345
Dec  5 23:52:56 ubuntu kernel: [    9.266643] brcmfmac: brcmf_fw_alloc_request: using brcm/brcmfmac43455-sdio for chip BCM4345/6
Dec  5 23:52:56 ubuntu kernel: [    9.276702] usbcore: registered new interface driver brcmfmac
Dec  5 23:52:56 ubuntu kernel: [    9.475127] Bluetooth: Core ver 2.22
Dec  5 23:52:56 ubuntu kernel: [    9.475328] NET: Registered protocol family 31
Dec  5 23:52:56 ubuntu kernel: [    9.475342] Bluetooth: HCI device and connection manager initialized
Dec  5 23:52:56 ubuntu kernel: [    9.475371] Bluetooth: HCI socket layer initialized
Dec  5 23:52:56 ubuntu systemd-fsck[1292]: /dev/mmcblk0p1: 250 files, 195174/516190 clusters
Dec  5 23:52:56 ubuntu kernel: [    9.475379] Bluetooth: L2CAP socket layer initialized
Dec  5 23:52:56 ubuntu kernel: [    9.475412] Bluetooth: SCO socket layer initialized
Dec  5 23:52:56 ubuntu kernel: [    9.519001] brcmfmac: brcmf_fw_alloc_request: using brcm/brcmfmac43455-sdio for chip BCM4345/6
Dec  5 23:52:56 ubuntu kernel: [    9.540750] brcmfmac: brcmf_c_preinit_dcmds: Firmware: BCM4345/6 wl0: Mar  2 2020 23:30:41 version 7.45.202 (r724630 CY) FWID 01-72f6ece2
Dec  5 23:52:56 ubuntu kernel: [   10.608846] alua: device handler registered
Dec  5 23:52:56 ubuntu kernel: [   10.611699] emc: device handler registered
Dec  5 23:52:56 ubuntu kernel: [   10.615029] rdac: device handler registered
Dec  5 23:52:56 ubuntu kernel: [   11.541741] audit: type=1400 audit(1585761826.575:2): apparmor="STATUS" operation="profile_load" profile="unconfined" name="lsb_release" pid=1315 comm="apparmor_parser"
Dec  5 23:52:56 ubuntu kernel: [   11.544297] audit: type=1400 audit(1585761826.579:3): apparmor="STATUS" operation="profile_load" profile="unconfined" name="nvidia_modprobe" pid=1317 comm="apparmor_parser"
Dec  5 23:52:56 ubuntu systemd[1]: Finished File System Check on /dev/disk/by-label/system-boot.
Dec  5 23:52:56 ubuntu kernel: [   11.544947] audit: type=1400 audit(1585761826.579:4): apparmor="STATUS" operation="profile_load" profile="unconfined" name="nvidia_modprobe//kmod" pid=1317 comm="apparmor_parser"
Dec  5 23:52:56 ubuntu kernel: [   11.545648] audit: type=1400 audit(1585761826.579:5): apparmor="STATUS" operation="profile_load" profile="unconfined" name="/usr/lib/snapd/snap-confine" pid=1319 comm="apparmor_parser"
Dec  5 23:52:56 ubuntu kernel: [   11.545669] audit: type=1400 audit(1585761826.579:6): apparmor="STATUS" operation="profile_load" profile="unconfined" name="/usr/lib/snapd/snap-confine//mount-namespace-capture-helper" pid=1319 comm="apparmor_parser"
Dec  5 23:52:56 ubuntu kernel: [   11.561602] audit: type=1400 audit(1585761826.595:7): apparmor="STATUS" operation="profile_load" profile="unconfined" name="/usr/bin/man" pid=1322 comm="apparmor_parser"
Dec  5 23:52:56 ubuntu kernel: [   11.561624] audit: type=1400 audit(1585761826.595:8): apparmor="STATUS" operation="profile_load" profile="unconfined" name="man_filter" pid=1322 comm="apparmor_parser"
Dec  5 23:52:56 ubuntu systemd[1]: boot-firmware.mount: Directory /boot/firmware to mount over is not empty, mounting anyway.
Dec  5 23:52:56 ubuntu kernel: [   11.561634] audit: type=1400 audit(1585761826.595:9): apparmor="STATUS" operation="profile_load" profile="unconfined" name="man_groff" pid=1322 comm="apparmor_parser"
Dec  5 23:52:56 ubuntu kernel: [   11.566967] audit: type=1400 audit(1585761826.603:10): apparmor="STATUS" operation="profile_load" profile="unconfined" name="/usr/sbin/tcpdump" pid=1316 comm="apparmor_parser"
Dec  5 23:52:56 ubuntu kernel: [   11.573875] audit: type=1400 audit(1585761826.607:11): apparmor="STATUS" operation="profile_load" profile="unconfined" name="/usr/lib/NetworkManager/nm-dhcp-client.action" pid=1323 comm="apparmor_parser"
Dec  5 23:52:56 ubuntu kernel: [   12.051905] systemd-journald[641]: Failed to read journal file /var/log/journal/7f9db6dbcb2e437e917c9931b42c4d44/user-1000.journal for rotation, trying to move it out of the way: Device or resource busy
Dec  5 23:52:56 ubuntu kernel: [   12.299521] random: crng init done
Dec  5 23:52:56 ubuntu systemd[1]: Mounting /boot/firmware...
Dec  5 23:52:56 ubuntu kernel: [   12.299529] random: 7 urandom warning(s) missed due to ratelimiting
Dec  5 23:52:56 ubuntu kernel: [   14.816406] bcmgenet: Skipping UMAC reset
Dec  5 23:52:56 ubuntu kernel: [   14.817882] bcmgenet fd580000.ethernet: configuring instance for external RGMII
Dec  5 23:52:56 ubuntu kernel: [   14.820342] bcmgenet fd580000.ethernet eth0: Link is Down
Dec  5 23:52:56 ubuntu systemd[1]: Mounted /boot/firmware.
Dec  5 23:52:56 ubuntu systemd[1]: Reached target Local File Systems.
Dec  5 23:52:56 ubuntu systemd[1]: Starting Load AppArmor profiles...
Dec  5 23:52:56 ubuntu systemd[1]: Starting Set console font and keymap...
Dec  5 23:52:56 ubuntu systemd[1]: Starting Create final runtime dir for shutdown pivot root...
Dec  5 23:52:56 ubuntu systemd[1]: Condition check resulted in LXD - agent - 9p mount being skipped.
Dec  5 23:52:56 ubuntu systemd[1]: Condition check resulted in LXD - agent being skipped.
Dec  5 23:52:56 ubuntu systemd[1]: Starting Initial cloud-init job (pre-networking)...
Dec  5 23:52:56 ubuntu systemd[1]: Starting Tell Plymouth To Write Out Runtime Data...
Dec  5 23:52:56 ubuntu systemd[1]: Condition check resulted in Store a System Token in an EFI Variable being skipped.
Dec  5 23:52:56 ubuntu systemd[1]: Condition check resulted in Commit a transient machine-id on disk being skipped.
Dec  5 23:52:56 ubuntu systemd[1]: Starting Create Volatile Files and Directories...
Dec  5 23:52:56 ubuntu systemd[1]: Finished Set console font and keymap.
Dec  5 23:52:56 ubuntu systemd[1]: Finished Create final runtime dir for shutdown pivot root.
Dec  5 23:52:56 ubuntu systemd[1]: Received SIGRTMIN+20 from PID 520 (plymouthd).
Dec  5 23:52:56 ubuntu apparmor.systemd[1303]: Restarting AppArmor
Dec  5 23:52:56 ubuntu apparmor.systemd[1303]: Reloading AppArmor profiles
Dec  5 23:52:56 ubuntu systemd[1]: plymouth-read-write.service: Succeeded.
Dec  5 23:52:56 ubuntu systemd[1]: Finished Tell Plymouth To Write Out Runtime Data.
Dec  5 23:52:56 ubuntu apparmor.systemd[1318]: Skipping profile in /etc/apparmor.d/disable: usr.sbin.rsyslogd
Dec  5 23:52:56 ubuntu systemd[1]: Finished Create Volatile Files and Directories.
Dec  5 23:52:56 ubuntu systemd[1]: Starting Network Time Synchronization...
Dec  5 23:52:56 ubuntu systemd[1]: Starting Update UTMP about System Boot/Shutdown...
Dec  5 23:52:56 ubuntu systemd[1]: Finished Update UTMP about System Boot/Shutdown.
Dec  5 23:52:56 ubuntu systemd[1]: Finished Load AppArmor profiles.
Dec  5 23:52:56 ubuntu systemd[1]: Starting Load AppArmor profiles managed internally by snapd...
Dec  5 23:52:56 ubuntu systemd-timesyncd[1320]: System clock time unset or jumped backwards, restoring from recorded timestamp: Sat 2020-12-05 23:52:50 UTC
Dec  5 23:52:56 ubuntu systemd[1]: Started Network Time Synchronization.
Dec  5 23:52:56 ubuntu systemd[1]: Reached target System Time Set.
Dec  5 23:52:56 ubuntu systemd[1]: Reached target System Time Synchronized.
Dec  5 23:52:56 ubuntu systemd[1]: Finished Load AppArmor profiles managed internally by snapd.
Dec  5 23:52:56 ubuntu cloud-init[1355]: Cloud-init v. 20.3-2-g371b392c-0ubuntu1~20.04.1 running 'init-local' at Sat, 05 Dec 2020 23:52:53 +0000. Up 13.96 seconds.
Dec  5 23:52:56 ubuntu systemd[1]: Finished Initial cloud-init job (pre-networking).
Dec  5 23:52:56 ubuntu systemd[1]: Reached target Network (Pre).
Dec  5 23:52:56 ubuntu systemd[1]: Starting Network Service...
Dec  5 23:52:56 ubuntu systemd-networkd[1366]: Enumeration completed
Dec  5 23:52:56 ubuntu systemd[1]: Started Network Service.
Dec  5 23:52:56 ubuntu systemd[1]: Starting Wait for Network to be Configured...
Dec  5 23:52:56 ubuntu systemd-networkd[1366]: eth0: IPv6 successfully enabled
Dec  5 23:52:56 ubuntu systemd[1]: Starting Network Name Resolution...
Dec  5 23:52:56 ubuntu systemd-networkd[1366]: eth0: Link UP
Dec  5 23:52:56 ubuntu systemd[1]: Finished Wait for Network to be Configured.
Dec  5 23:52:56 ubuntu systemd[1]: Starting Initial cloud-init job (metadata service crawler)...
Dec  5 23:52:56 ubuntu systemd-resolved[1368]: Positive Trust Anchors:
Dec  5 23:52:56 ubuntu systemd-resolved[1368]: . IN DS 20326 8 2 e06d44b80b8f1d39a95c0b0d7c65d08458e880409bbc683457104237c7f8ec8d
Dec  5 23:52:56 ubuntu systemd-resolved[1368]: Negative trust anchors: 10.in-addr.arpa 16.172.in-addr.arpa 17.172.in-addr.arpa 18.172.in-addr.arpa 19.172.in-addr.arpa 20.172.in-addr.arpa 21.172.in-addr.arpa 22.172.in-addr.arpa 23.172.in-addr.arpa 24.172.in-addr.arpa 25.172.in-addr.arpa 26.172.in-addr.arpa 27.172.in-addr.arpa 28.172.in-addr.arpa 29.172.in-addr.arpa 30.172.in-addr.arpa 31.172.in-addr.arpa 168.192.in-addr.arpa d.f.ip6.arpa corp home internal intranet lan local private test
Dec  5 23:52:56 ubuntu systemd-resolved[1368]: Using system hostname 'ubuntu'.
Dec  5 23:52:56 ubuntu systemd[1]: Started Network Name Resolution.
Dec  5 23:52:56 ubuntu systemd[1]: Reached target Host and Network Name Lookups.
Dec  5 23:52:56 ubuntu systemd[1]: systemd-rfkill.service: Succeeded.
Dec  5 23:52:56 ubuntu cloud-init[1375]: Cloud-init v. 20.3-2-g371b392c-0ubuntu1~20.04.1 running 'init' at Sat, 05 Dec 2020 23:52:55 +0000. Up 15.95 seconds.
Dec  5 23:52:56 ubuntu cloud-init[1375]: ci-info: +++++++++++++++++++++++++++Net device info++++++++++++++++++++++++++++
Dec  5 23:52:56 ubuntu cloud-init[1375]: ci-info: +--------+-------+-----------+-----------+-------+-------------------+
Dec  5 23:52:56 ubuntu cloud-init[1375]: ci-info: | Device |   Up  |  Address  |    Mask   | Scope |     Hw-Address    |
Dec  5 23:52:56 ubuntu cloud-init[1375]: ci-info: +--------+-------+-----------+-----------+-------+-------------------+
Dec  5 23:52:56 ubuntu cloud-init[1375]: ci-info: |  eth0  | False |     .     |     .     |   .   | dc:a6:32:49:a1:d0 |
Dec  5 23:52:56 ubuntu cloud-init[1375]: ci-info: |   lo   |  True | 127.0.0.1 | 255.0.0.0 |  host |         .         |
Dec  5 23:52:56 ubuntu cloud-init[1375]: ci-info: |   lo   |  True |  ::1/128  |     .     |  host |         .         |
Dec  5 23:52:56 ubuntu cloud-init[1375]: ci-info: | wlan0  | False |     .     |     .     |   .   | dc:a6:32:49:a1:d4 |
Dec  5 23:52:56 ubuntu cloud-init[1375]: ci-info: +--------+-------+-----------+-----------+-------+-------------------+
Dec  5 23:52:56 ubuntu cloud-init[1375]: ci-info: +++++++++++++++++++Route IPv6 info+++++++++++++++++++
Dec  5 23:52:56 ubuntu cloud-init[1375]: ci-info: +-------+-------------+---------+-----------+-------+
Dec  5 23:52:56 ubuntu cloud-init[1375]: ci-info: | Route | Destination | Gateway | Interface | Flags |
Dec  5 23:52:56 ubuntu cloud-init[1375]: ci-info: +-------+-------------+---------+-----------+-------+
Dec  5 23:52:56 ubuntu cloud-init[1375]: ci-info: +-------+-------------+---------+-----------+-------+
Dec  5 23:52:56 ubuntu systemd[1]: Finished Initial cloud-init job (metadata service crawler).
Dec  5 23:52:56 ubuntu systemd[1]: Reached target Cloud-config availability.
Dec  5 23:52:56 ubuntu systemd[1]: Reached target System Initialization.
Dec  5 23:52:56 ubuntu systemd[1]: Condition check resulted in Process error reports when automatic reporting is enabled (file watch) being skipped.
Dec  5 23:52:56 ubuntu systemd[1]: Started Daily apt download activities.
Dec  5 23:52:56 ubuntu systemd[1]: Started Daily apt upgrade and clean activities.
Dec  5 23:52:56 ubuntu systemd[1]: Started Periodic ext4 Online Metadata Check for All Filesystems.
Dec  5 23:52:56 ubuntu systemd[1]: Started Discard unused blocks once a week.
Dec  5 23:52:56 ubuntu systemd[1]: Started Refresh fwupd metadata regularly.
Dec  5 23:52:56 ubuntu systemd[1]: logrotate.timer: Not using persistent file timestamp Sun 2020-12-06 00:00:30 UTC as it is in the future.
Dec  5 23:52:56 ubuntu systemd[1]: Started Daily rotation of log files.
Dec  5 23:52:56 ubuntu systemd[1]: man-db.timer: Not using persistent file timestamp Sun 2020-12-06 00:00:30 UTC as it is in the future.
Dec  5 23:52:56 ubuntu systemd[1]: Started Daily man-db regeneration.
Dec  5 23:52:56 ubuntu systemd[1]: Started Message of the Day.
Dec  5 23:52:56 ubuntu systemd[1]: Condition check resulted in Timer to automatically fetch and run repair assertions being skipped.
Dec  5 23:52:56 ubuntu systemd[1]: Started Daily Cleanup of Temporary Directories.
Dec  5 23:52:56 ubuntu systemd[1]: Reached target Paths.
Dec  5 23:52:56 ubuntu systemd[1]: Reached target Timers.
Dec  5 23:52:56 ubuntu systemd[1]: Condition check resulted in Unix socket for apport crash forwarding being skipped.
Dec  5 23:52:56 ubuntu systemd[1]: Listening on D-Bus System Message Bus Socket.
Dec  5 23:52:56 ubuntu systemd[1]: Listening on Open-iSCSI iscsid Socket.
Dec  5 23:52:56 ubuntu systemd[1]: Listening on Socket unix for snap application lxd.daemon.
Dec  5 23:52:56 ubuntu systemd[1]: Starting Socket activation for snappy daemon.
Dec  5 23:52:56 ubuntu systemd[1]: Listening on UUID daemon activation socket.
Dec  5 23:52:56 ubuntu systemd[1]: Listening on Socket activation for snappy daemon.
Dec  5 23:52:56 ubuntu systemd[1]: Reached target Sockets.
Dec  5 23:52:56 ubuntu systemd[1]: Reached target Basic System.
Dec  5 23:52:56 ubuntu systemd[1]: Starting Accounts Service...
Dec  5 23:52:56 ubuntu systemd[1]: Started D-Bus System Message Bus.
Dec  5 23:52:56 ubuntu systemd[1]: Started Save initial kernel messages after boot.
Dec  5 23:52:56 ubuntu systemd[1]: Starting Remove Stale Online ext4 Metadata Check Snapshots...
Dec  5 23:52:56 ubuntu systemd[1]: Condition check resulted in getty on tty2-tty6 if dbus and logind are not available being skipped.
Dec  5 23:52:56 ubuntu systemd[1]: Started irqbalance daemon.
Dec  5 23:52:56 ubuntu systemd[1]: Starting Dispatcher daemon for systemd-networkd...
Dec  5 23:52:56 ubuntu systemd[1]: Started Set the CPU Frequency Scaling governor.
Dec  5 23:52:56 ubuntu systemd[1]: Starting System Logging Service...
Dec  5 23:52:56 ubuntu systemd[1]: Condition check resulted in Automatically repair incorrect owner/permissions on core devices being skipped.
Dec  5 23:52:56 ubuntu systemd[1]: Condition check resulted in Wait for the Ubuntu Core chooser trigger being skipped.
Dec  5 23:52:56 ubuntu systemd[1]: Starting Snap Daemon...
Dec  5 23:52:56 ubuntu /usr/sbin/irqbalance: IRQ vgic(1) guessed as class 0
Dec  5 23:52:56 ubuntu /usr/sbin/irqbalance: IRQ arch_timer(3) guessed as class 0
Dec  5 23:52:56 ubuntu /usr/sbin/irqbalance: IRQ vtimer(4) guessed as class 0
Dec  5 23:52:56 ubuntu systemd[1]: Starting Login Service...
Dec  5 23:52:56 ubuntu /usr/sbin/irqbalance: IRQ fe00b880.mailbox(11) guessed as class 0
Dec  5 23:52:56 ubuntu /usr/sbin/irqbalance: IRQ fe204000.spi(15) guessed as class 0
Dec  5 23:52:56 ubuntu /usr/sbin/irqbalance: IRQ ttyS0(16) guessed as class 0
Dec  5 23:52:56 ubuntu /usr/sbin/irqbalance: IRQ fe804000.i2c(17) guessed as class 0
Dec  5 23:52:56 ubuntu /usr/sbin/irqbalance: IRQ IRQ(20) guessed as class 0
Dec  5 23:52:56 ubuntu /usr/sbin/irqbalance: IRQ IRQ(22) guessed as class 0
Dec  5 23:52:56 ubuntu /usr/sbin/irqbalance: IRQ IRQ(23) guessed as class 0
Dec  5 23:52:56 ubuntu /usr/sbin/irqbalance: IRQ doorbell(27) guessed as class 0
Dec  5 23:52:56 ubuntu /usr/sbin/irqbalance: IRQ mmc0(28) guessed as class 0
Dec  5 23:52:56 ubuntu /usr/sbin/irqbalance: IRQ arm-pmu(29) guessed as class 0
Dec  5 23:52:56 ubuntu /usr/sbin/irqbalance: IRQ arm-pmu(30) guessed as class 0
Dec  5 23:52:56 ubuntu /usr/sbin/irqbalance: IRQ arm-pmu(31) guessed as class 0
Dec  5 23:52:56 ubuntu /usr/sbin/irqbalance: IRQ arm-pmu(32) guessed as class 0
Dec  5 23:52:56 ubuntu /usr/sbin/irqbalance: IRQ eth0(34) guessed as class 5
Dec  5 23:52:56 ubuntu /usr/sbin/irqbalance: IRQ eth0(34) guessed as class 0
Dec  5 23:52:56 ubuntu /usr/sbin/irqbalance: IRQ eth0(35) guessed as class 5
Dec  5 23:52:56 ubuntu /usr/sbin/irqbalance: IRQ eth0(35) guessed as class 0
Dec  5 23:52:56 ubuntu /usr/sbin/irqbalance: IRQ aerdrv(41) guessed as class 0
Dec  5 23:52:56 ubuntu /usr/sbin/irqbalance: IRQ xhci_hcd(42) guessed as class 0
Dec  5 23:52:56 ubuntu systemd[1]: Starting WPA supplicant...
Dec  5 23:52:56 ubuntu systemd[1]: e2scrub_reap.service: Succeeded.
Dec  5 23:52:56 ubuntu systemd[1]: Finished Remove Stale Online ext4 Metadata Check Snapshots.
Dec  5 23:52:56 ubuntu rsyslogd: imuxsock: Acquired UNIX socket '/run/systemd/journal/syslog' (fd 3) from systemd.  [v8.2001.0]
Dec  5 23:52:56 ubuntu systemd[1]: Started System Logging Service.
Dec  5 23:52:56 ubuntu rsyslogd: rsyslogd's groupid changed to 110
Dec  5 23:52:56 ubuntu rsyslogd: rsyslogd's userid changed to 104
Dec  5 23:52:56 ubuntu rsyslogd: [origin software="rsyslogd" swVersion="8.2001.0" x-pid="1415" x-info="https://www.rsyslog.com"] start
Dec  5 23:52:56 ubuntu dbus-daemon[1409]: [system] AppArmor D-Bus mediation is enabled
Dec  5 23:52:57 ubuntu systemd[1]: Started Login Service.
Dec  5 23:52:57 ubuntu dbus-daemon[1409]: [system] Successfully activated service 'org.freedesktop.systemd1'
Dec  5 23:52:57 ubuntu wpa_supplicant[1420]: Successfully initialized wpa_supplicant
Dec  5 23:52:57 ubuntu systemd[1]: Started WPA supplicant.
Dec  5 23:52:57 ubuntu systemd[1]: Reached target Network.
Dec  5 23:52:57 ubuntu systemd[1]: Reached target Network is Online.
Dec  5 23:52:57 ubuntu systemd[1]: Condition check resulted in Login to default iSCSI targets being skipped.
Dec  5 23:52:57 ubuntu systemd[1]: Reached target Remote File Systems (Pre).
Dec  5 23:52:57 ubuntu systemd[1]: Reached target Remote File Systems.
Dec  5 23:52:57 ubuntu systemd[1]: Starting LSB: automatic crash report generation...
Dec  5 23:52:57 ubuntu systemd[1]: Starting Deferred execution scheduler...
Dec  5 23:52:57 ubuntu systemd[1]: Starting Availability of block devices...
Dec  5 23:52:57 ubuntu systemd[1]: Started Regular background program processing daemon.
Dec  5 23:52:57 ubuntu systemd[1]: Starting Pollinate to seed the pseudo random number generator...
Dec  5 23:52:57 ubuntu systemd[1]: Condition check resulted in fast remote file copy program daemon being skipped.
Dec  5 23:52:57 ubuntu cron[1447]: (CRON) INFO (pidfile fd = 3)
Dec  5 23:52:57 ubuntu systemd[1]: Starting Service for snap application lxd.activate...
Dec  5 23:52:57 ubuntu systemd[1]: Starting Permit User Sessions...
Dec  5 23:52:57 ubuntu systemd[1]: Started Unattended Upgrades Shutdown.
Dec  5 23:52:57 ubuntu systemd[1]: Started Deferred execution scheduler.
Dec  5 23:52:57 ubuntu systemd[1]: Finished Availability of block devices.
Dec  5 23:52:57 ubuntu cron[1447]: (CRON) INFO (Running @reboot jobs)
Dec  5 23:52:57 ubuntu systemd[1]: Finished Permit User Sessions.
Dec  5 23:52:57 ubuntu systemd[1]: Starting Hold until boot process finishes up...
Dec  5 23:52:57 ubuntu systemd[1]: Starting Terminate Plymouth Boot Screen...
Dec  5 23:52:57 ubuntu systemd[1]: Received SIGRTMIN+21 from PID 520 (plymouthd).
Dec  5 23:52:57 ubuntu systemd[1]: Received SIGRTMIN+21 from PID 520 (plymouthd).
Dec  5 23:52:57 ubuntu systemd[1]: plymouth-quit-wait.service: Succeeded.
Dec  5 23:52:57 ubuntu systemd[1]: Finished Hold until boot process finishes up.
Dec  5 23:52:57 ubuntu systemd[1]: plymouth-quit.service: Succeeded.
Dec  5 23:52:57 ubuntu systemd[1]: Finished Terminate Plymouth Boot Screen.
Dec  5 23:52:57 ubuntu systemd[1]: Started Serial Getty on ttyS0.
Dec  5 23:52:57 ubuntu systemd[1]: Starting Set console scheme...
Dec  5 23:52:57 ubuntu apport[1443]:  * Starting automatic crash report generation: apport
Dec  5 23:52:57 ubuntu systemd[1]: Finished Set console scheme.
Dec  5 23:52:57 ubuntu systemd[1]: Created slice system-getty.slice.
Dec  5 23:52:57 ubuntu systemd[1]: Started Getty on tty1.
Dec  5 23:52:57 ubuntu apport[1443]:    ...done.
Dec  5 23:52:57 ubuntu systemd[1]: Started LSB: automatic crash report generation.
Dec  5 23:52:57 ubuntu networkd-dispatcher[1413]: No valid path found for iwconfig
Dec  5 23:52:57 ubuntu pollinate[1453]: client sent challenge to [https://entropy.ubuntu.com/]
Dec  5 23:52:57 ubuntu dbus-daemon[1409]: [system] Activating via systemd: service name='org.freedesktop.PolicyKit1' unit='polkit.service' requested by ':1.6' (uid=0 pid=1408 comm="/usr/lib/accountsservice/accounts-daemon " label="unconfined")
Dec  5 23:52:57 ubuntu systemd[1]: Started Dispatcher daemon for systemd-networkd.
Dec  5 23:52:57 ubuntu systemd[1]: Starting Authorization Manager...
Dec  5 23:52:57 ubuntu polkitd[1508]: started daemon version 0.105 using authority implementation `local' version `0.105'
Dec  5 23:52:57 ubuntu dbus-daemon[1409]: [system] Successfully activated service 'org.freedesktop.PolicyKit1'
Dec  5 23:52:57 ubuntu systemd[1]: Started Authorization Manager.
Dec  5 23:52:57 ubuntu accounts-daemon[1408]: started daemon version 0.6.55
Dec  5 23:52:57 ubuntu systemd[1]: Started Accounts Service.
Dec  5 23:52:57 ubuntu snapd[1417]: AppArmor status: apparmor is enabled and all features are available
Dec  5 23:52:57 ubuntu pollinate[1453]: WARNING: Network communication failed [6]   % Total    % Received % Xferd  Average Speed   Time    Time     Time  Current#012                                 Dload  Upload   Total   Spent    Left  Speed#012#015  0     0    0     0    0     0      0      0 --:--:-- --:--:-- --:--:--     023:52:57.555271 * Could not resolve host: entropy.ubuntu.com#01223:52:57.555590 * Closing connection 0#012curl: (6) Could not resolve host: entropy.ubuntu.com
Dec  5 23:52:57 ubuntu systemd[1]: pollinate.service: Succeeded.
Dec  5 23:52:57 ubuntu systemd[1]: Finished Pollinate to seed the pseudo random number generator.
Dec  5 23:52:57 ubuntu systemd[1]: Starting OpenBSD Secure Shell server...
Dec  5 23:52:57 ubuntu systemd[1]: Started OpenBSD Secure Shell server.
Dec  5 23:52:58 ubuntu systemd[1]: tmp-snap.rootfs_a9CsFa.mount: Succeeded.
Dec  5 23:52:59 ubuntu kernel: [   19.934438] bcmgenet fd580000.ethernet eth0: Link is Up - 1Gbps/Full - flow control rx/tx
Dec  5 23:52:59 ubuntu kernel: [   19.934473] IPv6: ADDRCONF(NETDEV_CHANGE): eth0: link becomes ready
Dec  5 23:52:59 ubuntu systemd-networkd[1366]: eth0: Gained carrier
Dec  5 23:52:59 ubuntu snapd[1417]: AppArmor status: apparmor is enabled and all features are available
Dec  5 23:52:59 ubuntu snapd[1417]: daemon.go:347: started snapd/2.48.1 (series 16; classic) ubuntu/20.04 (arm64) linux/5.4.0-1023-raspi.
Dec  5 23:52:59 ubuntu lxd.activate[1454]: => Starting LXD activation
Dec  5 23:52:59 ubuntu lxd.activate[1454]: ==> Loading snap configuration
Dec  5 23:52:59 ubuntu lxd.activate[1454]: ==> Checking for socket activation support
Dec  5 23:52:59 ubuntu systemd[1]: tmp-sanity\x2dmountpoint\x2d323794340.mount: Succeeded.
Dec  5 23:52:59 ubuntu lxd.activate[1568]: tool_linux.go:157: cannot read /proc/self/exe: readlink /proc/self/exe: no such file or directory
Dec  5 23:52:59 ubuntu snapd[1417]: daemon.go:440: adjusting startup timeout by 45s (pessimistic estimate of 30s plus 5s per snap)
Dec  5 23:52:59 ubuntu systemd[1]: Started Snap Daemon.
Dec  5 23:52:59 ubuntu systemd[1]: Starting Wait until snapd is fully seeded...
Dec  5 23:52:59 ubuntu systemd[1]: Finished Wait until snapd is fully seeded.
Dec  5 23:52:59 ubuntu lxd.activate[1454]: ==> Setting LXD socket ownership
Dec  5 23:52:59 ubuntu systemd[1]: Starting Apply the settings specified in cloud-config...
Dec  5 23:52:59 ubuntu systemd[1]: Condition check resulted in Auto import assertions from block devices being skipped.
Dec  5 23:52:59 ubuntu lxd.activate[1454]: ==> LXD never started on this system, no need to start it now
Dec  5 23:52:59 ubuntu systemd[1]: snap.lxd.activate.service: Succeeded.
Dec  5 23:52:59 ubuntu systemd[1]: Finished Service for snap application lxd.activate.
Dec  5 23:53:00 ubuntu systemd-networkd[1366]: eth0: Gained IPv6LL
Dec  5 23:53:00 ubuntu systemd-timesyncd[1320]: Network configuration changed, trying to establish connection.
Dec  5 23:53:01 ubuntu cloud-init[1625]: Cloud-init v. 20.3-2-g371b392c-0ubuntu1~20.04.1 running 'modules:config' at Sat, 05 Dec 2020 23:53:01 +0000. Up 21.85 seconds.
Dec  5 23:53:01 ubuntu set-cpufreq[1414]: Setting ondemand scheduler for all CPUs
Dec  5 23:53:01 ubuntu systemd[1]: ondemand.service: Succeeded.
Dec  5 23:53:01 ubuntu systemd[1]: dmesg.service: Succeeded.
Dec  5 23:53:01 ubuntu systemd[1]: Finished Apply the settings specified in cloud-config.
Dec  5 23:53:01 ubuntu systemd[1]: Reached target Login Prompts.
Dec  5 23:53:01 ubuntu systemd[1]: Reached target Multi-User System.
Dec  5 23:53:01 ubuntu systemd[1]: Reached target Graphical Interface.
Dec  5 23:53:01 ubuntu systemd[1]: Starting Execute cloud user/final scripts...
Dec  5 23:53:01 ubuntu systemd[1]: Starting Update UTMP about System Runlevel Changes...
Dec  5 23:53:01 ubuntu systemd[1]: systemd-update-utmp-runlevel.service: Succeeded.
Dec  5 23:53:01 ubuntu systemd[1]: Finished Update UTMP about System Runlevel Changes.
Dec  5 23:53:01 ubuntu systemd-timesyncd[1320]: Network configuration changed, trying to establish connection.
Dec  5 23:53:03 ubuntu cloud-init[1651]: Cloud-init v. 20.3-2-g371b392c-0ubuntu1~20.04.1 running 'modules:final' at Sat, 05 Dec 2020 23:53:02 +0000. Up 23.48 seconds.
Dec  5 23:53:03 ubuntu cloud-init[1651]: Cloud-init v. 20.3-2-g371b392c-0ubuntu1~20.04.1 finished at Sat, 05 Dec 2020 23:53:03 +0000. Datasource DataSourceNoCloud [seed=/dev/mmcblk0p1][dsmode=net].  Up 23.72 seconds
Dec  5 23:53:03 ubuntu systemd[1]: Finished Execute cloud user/final scripts.
Dec  5 23:53:03 ubuntu systemd[1]: Reached target Cloud-init target.
Dec  5 23:53:03 ubuntu systemd[1]: Startup finished in 6.921s (kernel) + 16.975s (userspace) = 23.896s.
Dec  5 23:53:03 ubuntu systemd-timesyncd[1320]: Network configuration changed, trying to establish connection.
Dec  5 23:53:05 ubuntu systemd-networkd[1366]: eth0: DHCPv4 address 192.168.178.164/24 via 192.168.178.1
Dec  5 23:53:05 ubuntu dbus-daemon[1409]: [system] Activating via systemd: service name='org.freedesktop.hostname1' unit='dbus-org.freedesktop.hostname1.service' requested by ':1.2' (uid=100 pid=1366 comm="/lib/systemd/systemd-networkd " label="unconfined")
Dec  5 23:53:05 ubuntu systemd-timesyncd[1320]: Network configuration changed, trying to establish connection.
Dec  5 23:53:05 ubuntu systemd[1]: Starting Hostname Service...
Dec  5 23:53:05 ubuntu dbus-daemon[1409]: [system] Successfully activated service 'org.freedesktop.hostname1'
Dec  5 23:53:05 ubuntu systemd[1]: Started Hostname Service.
Dec  5 23:53:20 ubuntu systemd[1]: systemd-fsckd.service: Succeeded.
Dec  5 23:53:35 ubuntu systemd[1]: systemd-hostnamed.service: Succeeded.
Dec  6 10:29:49 ubuntu systemd-timesyncd[1320]: Initial synchronization to time server [2001:67c:1560:8003::c8]:123 (ntp.ubuntu.com).
Dec  6 10:29:49 ubuntu systemd[1]: Starting Daily apt download activities...
Dec  6 10:29:49 ubuntu systemd[1]: Starting Online ext4 Metadata Check for All Filesystems...
Dec  6 10:29:49 ubuntu systemd[1]: Starting Message of the Day...
Dec  6 10:29:50 ubuntu systemd[1]: Starting Rotate log files...
Dec  6 10:29:50 ubuntu systemd[1]: Starting Daily man-db regeneration...
Dec  6 10:29:50 ubuntu systemd[1]: e2scrub_all.service: Succeeded.
Dec  6 10:29:50 ubuntu systemd[1]: Finished Online ext4 Metadata Check for All Filesystems.
Dec  6 10:29:50 ubuntu systemd[1]: logrotate.service: Succeeded.
Dec  6 10:29:50 ubuntu systemd[1]: Finished Rotate log files.
Dec  6 10:29:51 ubuntu 50-motd-news[1721]:  * Introducing self-healing high availability clusters in MicroK8s.
Dec  6 10:29:51 ubuntu 50-motd-news[1721]:    Simple, hardened, Kubernetes for production, from RaspberryPi to DC.
Dec  6 10:29:51 ubuntu 50-motd-news[1721]:      https://microk8s.io/high-availability
Dec  6 10:29:51 ubuntu systemd[1]: motd-news.service: Succeeded.
Dec  6 10:29:51 ubuntu systemd[1]: Finished Message of the Day.
Dec  6 10:29:51 ubuntu systemd[1]: man-db.service: Succeeded.
Dec  6 10:29:51 ubuntu systemd[1]: Finished Daily man-db regeneration.
Dec  6 10:30:04 ubuntu dbus-daemon[1409]: [system] Activating via systemd: service name='org.freedesktop.PackageKit' unit='packagekit.service' requested by ':1.11' (uid=0 pid=1978 comm="/usr/bin/gdbus call --system --dest org.freedeskto" label="unconfined")
Dec  6 10:30:04 ubuntu systemd[1]: Starting PackageKit Daemon...
Dec  6 10:30:04 ubuntu PackageKit: daemon start
Dec  6 10:30:04 ubuntu dbus-daemon[1409]: [system] Successfully activated service 'org.freedesktop.PackageKit'
Dec  6 10:30:04 ubuntu systemd[1]: Started PackageKit Daemon.
Dec  6 10:30:22 ubuntu systemd[1]: apt-daily.service: Succeeded.
Dec  6 10:30:22 ubuntu systemd[1]: Finished Daily apt download activities.
Dec  6 10:30:22 ubuntu systemd[1]: Starting Daily apt upgrade and clean activities...
Dec  6 10:30:27 ubuntu systemd[1]: apt-daily-upgrade.service: Succeeded.
Dec  6 10:30:27 ubuntu systemd[1]: Finished Daily apt upgrade and clean activities.
Dec  6 10:35:10 ubuntu PackageKit: daemon quit
Dec  6 10:35:10 ubuntu systemd[1]: packagekit.service: Succeeded.
Dec  6 10:43:54 ubuntu systemd[1]: Starting Cleanup of Temporary Directories...
Dec  6 10:43:54 ubuntu systemd[1]: systemd-tmpfiles-clean.service: Succeeded.
Dec  6 10:43:54 ubuntu systemd[1]: Finished Cleanup of Temporary Directories.
Dec  6 11:05:55 ubuntu systemd[1]: Created slice User Slice of UID 1000.
Dec  6 11:05:55 ubuntu systemd[1]: Starting User Runtime Directory /run/user/1000...
Dec  6 11:05:55 ubuntu systemd[1]: Finished User Runtime Directory /run/user/1000.
Dec  6 11:05:55 ubuntu systemd[1]: Starting User Manager for UID 1000...
Dec  6 11:05:56 ubuntu systemd[2136]: Reached target Paths.
Dec  6 11:05:56 ubuntu systemd[2136]: Reached target Timers.
Dec  6 11:05:56 ubuntu systemd[2136]: Starting D-Bus User Message Bus Socket.
Dec  6 11:05:56 ubuntu systemd[2136]: Listening on GnuPG network certificate management daemon.
Dec  6 11:05:56 ubuntu systemd[2136]: Listening on GnuPG cryptographic agent and passphrase cache (access for web browsers).
Dec  6 11:05:56 ubuntu systemd[2136]: Listening on GnuPG cryptographic agent and passphrase cache (restricted).
Dec  6 11:05:56 ubuntu systemd[2136]: Listening on GnuPG cryptographic agent (ssh-agent emulation).
Dec  6 11:05:56 ubuntu systemd[2136]: Listening on GnuPG cryptographic agent and passphrase cache.
Dec  6 11:05:56 ubuntu systemd[2136]: Listening on debconf communication socket.
Dec  6 11:05:56 ubuntu systemd[2136]: Listening on REST API socket for snapd user session agent.
Dec  6 11:05:56 ubuntu systemd[2136]: Listening on D-Bus User Message Bus Socket.
Dec  6 11:05:56 ubuntu systemd[2136]: Reached target Sockets.
Dec  6 11:05:56 ubuntu systemd[2136]: Reached target Basic System.
Dec  6 11:05:56 ubuntu systemd[2136]: Reached target Main User Target.
Dec  6 11:05:56 ubuntu systemd[2136]: Startup finished in 795ms.
Dec  6 11:05:56 ubuntu systemd[1]: Started User Manager for UID 1000.
Dec  6 11:05:56 ubuntu systemd[1]: Started Session 1 of user ubuntu.
Dec  6 11:17:01 ubuntu CRON[2267]: (root) CMD (   cd / && run-parts --report /etc/cron.hourly)
Dec  6 12:08:20 ubuntu systemd-resolved[1368]: Server returned error NXDOMAIN, mitigating potential DNS violation DVE-2018-0001, retrying transaction with reduced feature level UDP.
Dec  6 12:08:20 ubuntu systemd-resolved[1368]: Server returned error NXDOMAIN, mitigating potential DNS violation DVE-2018-0001, retrying transaction with reduced feature level UDP.
Dec  6 12:14:20 ubuntu systemd-resolved[1368]: Server returned error NXDOMAIN, mitigating potential DNS violation DVE-2018-0001, retrying transaction with reduced feature level UDP.
Dec  6 12:14:20 ubuntu systemd-resolved[1368]: Server returned error NXDOMAIN, mitigating potential DNS violation DVE-2018-0001, retrying transaction with reduced feature level UDP.
Dec  6 12:14:31 ubuntu systemd-resolved[1368]: Server returned error NXDOMAIN, mitigating potential DNS violation DVE-2018-0001, retrying transaction with reduced feature level UDP.
Dec  6 12:14:31 ubuntu systemd-resolved[1368]: Server returned error NXDOMAIN, mitigating potential DNS violation DVE-2018-0001, retrying transaction with reduced feature level UDP.
Dec  6 12:14:31 ubuntu systemd[1]: Reloading.
Dec  6 12:14:32 ubuntu systemd[1]: /lib/systemd/system/dbus.socket:5: ListenStream= references a path below legacy directory /var/run/, updating /var/run/dbus/system_bus_socket â†’ /run/dbus/system_bus_socket; please update the unit file accordingly.
Dec  6 12:14:33 ubuntu systemd[1]: Starting Refresh fwupd metadata and update motd...
Dec  6 12:14:33 ubuntu systemd[1]: systemd-networkd-wait-online.service: Succeeded.
Dec  6 12:14:33 ubuntu systemd[1]: Stopped Wait for Network to be Configured.
Dec  6 12:14:33 ubuntu systemd-networkd[1366]: eth0: DHCP lease lost
Dec  6 12:14:33 ubuntu systemd[1]: Stopping Network Service...
Dec  6 12:14:33 ubuntu systemd[1]: systemd-networkd.service: Succeeded.
Dec  6 12:14:33 ubuntu systemd[1]: Stopped Network Service.
Dec  6 12:14:33 ubuntu systemd[1]: Condition check resulted in OpenVSwitch configuration for cleanup being skipped.
Dec  6 12:14:33 ubuntu systemd[1]: Started WPA supplicant for netplan wlan0.
Dec  6 12:14:33 ubuntu systemd[1]: Starting Network Service...
Dec  6 12:14:33 ubuntu wpa_supplicant[2372]: Successfully initialized wpa_supplicant
Dec  6 12:14:33 ubuntu dbus-daemon[1409]: [system] Activating via systemd: service name='org.freedesktop.fwupd' unit='fwupd.service' requested by ':1.19' (uid=62803 pid=2365 comm="/usr/bin/fwupdmgr refresh --no-metadata-check " label="unconfined")
Dec  6 12:14:33 ubuntu systemd[1]: Starting Firmware update daemon...
Dec  6 12:14:33 ubuntu kernel: [ 6340.165403] brcmfmac: brcmf_cfg80211_set_power_mgmt: power save enabled
Dec  6 12:14:33 ubuntu systemd[1]: Condition check resulted in OpenVSwitch configuration for cleanup being skipped.
Dec  6 12:14:33 ubuntu systemd[1]: Condition check resulted in OpenVSwitch configuration for cleanup being skipped.
Dec  6 12:14:33 ubuntu systemd-networkd[2373]: eth0: Gained IPv6LL
Dec  6 12:14:33 ubuntu systemd-networkd[2373]: Enumeration completed
Dec  6 12:14:33 ubuntu systemd[1]: Started Network Service.
Dec  6 12:14:33 ubuntu systemd-networkd[2373]: wlan0: IPv6 successfully enabled
Dec  6 12:14:33 ubuntu systemd-networkd[2373]: eth0: IPv6 successfully enabled
Dec  6 12:14:33 ubuntu fwupd[2378]: 12:14:33:0544 FuEngine             Failed to load SMBIOS: Failed to open file â€œ/sys/firmware/dmi/tables/smbios_entry_pointâ€: No such file or directory
Dec  6 12:14:33 ubuntu systemd-networkd[2373]: eth0: DHCPv4 address 192.168.178.164/24 via 192.168.178.1
Dec  6 12:14:33 ubuntu dbus-daemon[1409]: [system] Activating via systemd: service name='org.freedesktop.hostname1' unit='dbus-org.freedesktop.hostname1.service' requested by ':1.20' (uid=100 pid=2373 comm="/lib/systemd/systemd-networkd " label="unconfined")
Dec  6 12:14:33 ubuntu systemd[1]: Starting Hostname Service...
Dec  6 12:14:33 ubuntu dbus-daemon[1409]: [system] Successfully activated service 'org.freedesktop.hostname1'
Dec  6 12:14:33 ubuntu systemd[1]: Started Hostname Service.
Dec  6 12:14:33 ubuntu fwupd[2378]: 12:14:33:0944 FuEngine             failed to add udev device /sys/devices/platform/emmc2bus/fe340000.emmc2/mmc_host/mmc0/mmc0:aaaa/block/mmcblk0: failed get ffu_capable for (null)
Dec  6 12:14:34 ubuntu dbus-daemon[1409]: [system] Successfully activated service 'org.freedesktop.fwupd'
Dec  6 12:14:34 ubuntu systemd[1]: Started Firmware update daemon.
Dec  6 12:14:34 ubuntu systemd[1]: fwupd-refresh.service: Succeeded.
Dec  6 12:14:34 ubuntu systemd[1]: Finished Refresh fwupd metadata and update motd.
Dec  6 12:14:35 ubuntu wpa_supplicant[2372]: wlan0: Trying to associate with SSID 'Ziggo9236024'
Dec  6 12:14:38 ubuntu kernel: [ 6345.269394] IPv6: ADDRCONF(NETDEV_CHANGE): wlan0: link becomes ready
Dec  6 12:14:38 ubuntu wpa_supplicant[2372]: wlan0: Associated with 68:02:b8:2e:40:86
Dec  6 12:14:38 ubuntu wpa_supplicant[2372]: wlan0: CTRL-EVENT-CONNECTED - Connection to 68:02:b8:2e:40:86 completed [id=0 id_str=]
Dec  6 12:14:38 ubuntu systemd-networkd[2373]: wlan0: Gained carrier
Dec  6 12:14:38 ubuntu wpa_supplicant[2372]: wlan0: CTRL-EVENT-SUBNET-STATUS-UPDATE status=0
Dec  6 12:14:38 ubuntu systemd-networkd[2373]: wlan0: Connected WiFi access point: Ziggo9236024 (68:02:b8:2e:40:86)
Dec  6 12:14:39 ubuntu systemd-networkd[2373]: wlan0: DHCPv4 address 192.168.178.206/24 via 192.168.178.1
Dec  6 12:14:39 ubuntu systemd-networkd[2373]: wlan0: Gained IPv6LL
Dec  6 12:15:09 ubuntu systemd[1]: systemd-hostnamed.service: Succeeded.
Dec  6 12:15:42 ubuntu systemd-resolved[1368]: Server returned error NXDOMAIN, mitigating potential DNS violation DVE-2018-0001, retrying transaction with reduced feature level UDP.
Dec  6 12:15:42 ubuntu systemd-resolved[1368]: message repeated 3 times: [ Server returned error NXDOMAIN, mitigating potential DNS violation DVE-2018-0001, retrying transaction with reduced feature level UDP.]
Dec  6 12:15:42 ubuntu systemd[1]: Stopping Session 1 of user ubuntu.
Dec  6 12:15:42 ubuntu systemd[1]: Removed slice system-modprobe.slice.
Dec  6 12:15:42 ubuntu systemd[1]: Stopped target Cloud-init target.
Dec  6 12:15:42 ubuntu systemd[1]: Stopped target Graphical Interface.
Dec  6 12:15:42 ubuntu systemd[1]: Stopped target Host and Network Name Lookups.
Dec  6 12:15:42 ubuntu systemd[1]: Stopped target Sound Card.
Dec  6 12:15:42 ubuntu systemd[1]: Stopped target Timers.
Dec  6 12:15:42 ubuntu systemd[1]: apt-daily-upgrade.timer: Succeeded.
Dec  6 12:15:42 ubuntu systemd[1]: Stopped Daily apt upgrade and clean activities.
Dec  6 12:15:42 ubuntu systemd[1]: apt-daily.timer: Succeeded.
Dec  6 12:15:42 ubuntu systemd[1]: Stopped Daily apt download activities.
Dec  6 12:15:42 ubuntu systemd[1]: e2scrub_all.timer: Succeeded.
Dec  6 12:15:42 ubuntu systemd[1]: Stopped Periodic ext4 Online Metadata Check for All Filesystems.
Dec  6 12:15:42 ubuntu systemd[1]: fstrim.timer: Succeeded.
Dec  6 12:15:42 ubuntu systemd[1]: Stopped Discard unused blocks once a week.
Dec  6 12:15:42 ubuntu systemd[1]: fwupd-refresh.timer: Succeeded.
Dec  6 12:15:42 ubuntu systemd[1]: Stopped Refresh fwupd metadata regularly.
Dec  6 12:15:42 ubuntu systemd[1]: logrotate.timer: Succeeded.
Dec  6 12:15:42 ubuntu systemd[1]: Stopped Daily rotation of log files.
Dec  6 12:15:42 ubuntu systemd[1]: man-db.timer: Succeeded.
Dec  6 12:15:42 ubuntu systemd[1]: Stopped Daily man-db regeneration.
Dec  6 12:15:42 ubuntu systemd[1]: motd-news.timer: Succeeded.
Dec  6 12:15:42 ubuntu systemd[1]: Stopped Message of the Day.
Dec  6 12:15:42 ubuntu systemd[1]: systemd-tmpfiles-clean.timer: Succeeded.
Dec  6 12:15:42 ubuntu systemd[1]: Stopped Daily Cleanup of Temporary Directories.
Dec  6 12:15:42 ubuntu systemd[1]: Stopped target System Time Synchronized.
Dec  6 12:15:42 ubuntu systemd[1]: Stopped target System Time Set.
Dec  6 12:15:42 ubuntu systemd[1]: lvm2-lvmpolld.socket: Succeeded.
Dec  6 12:15:42 ubuntu systemd[1]: Closed LVM2 poll daemon socket.
Dec  6 12:15:42 ubuntu systemd[1]: systemd-rfkill.socket: Succeeded.
Dec  6 12:15:42 ubuntu systemd[1]: Closed Load/Save RF Kill Switch Status /dev/rfkill Watch.
Dec  6 12:15:42 ubuntu systemd[1]: Stopping Accounts Service...
Dec  6 12:15:42 ubuntu systemd[1]: Stopping Availability of block devices...
Dec  6 12:15:42 ubuntu systemd[1]: cloud-final.service: Succeeded.
Dec  6 12:15:42 ubuntu systemd[1]: Stopped Execute cloud user/final scripts.
Dec  6 12:15:42 ubuntu systemd[1]: Stopped target Multi-User System.
Dec  6 12:15:42 ubuntu systemd[1]: Stopped target Login Prompts.
Dec  6 12:15:42 ubuntu systemd[1]: Stopping LSB: automatic crash report generation...
Dec  6 12:15:42 ubuntu systemd[1]: Stopping Deferred execution scheduler...
Dec  6 12:15:42 ubuntu systemd[1]: cloud-config.service: Succeeded.
Dec  6 12:15:42 ubuntu systemd[1]: Stopped Apply the settings specified in cloud-config.
Dec  6 12:15:42 ubuntu systemd[1]: Stopped target Cloud-config availability.
Dec  6 12:15:42 ubuntu systemd[1]: Stopped target Network is Online.
Dec  6 12:15:42 ubuntu systemd[1]: Stopping Regular background program processing daemon...
Dec  6 12:15:42 ubuntu systemd[1]: Stopping Create final runtime dir for shutdown pivot root...
Dec  6 12:15:42 ubuntu systemd[1]: Stopping Firmware update daemon...
Dec  6 12:15:42 ubuntu systemd[1]: Stopping Getty on tty1...
Dec  6 12:15:42 ubuntu systemd[1]: Stopping irqbalance daemon...
Dec  6 12:15:42 ubuntu systemd[1]: Stopping Dispatcher daemon for systemd-networkd...
Dec  6 12:15:42 ubuntu systemd[1]: Stopping Authorization Manager...
Dec  6 12:15:48 ubuntu systemd-sysctl[658]: Not setting net/ipv4/conf/all/promote_secondaries (explicit setting exists).
Dec  6 12:15:48 ubuntu systemd-sysctl[658]: Not setting net/ipv4/conf/default/promote_secondaries (explicit setting exists).
Dec  6 12:15:48 ubuntu systemd[1]: Starting Flush Journal to Persistent Storage...
Dec  6 12:15:48 ubuntu systemd[1]: Finished Create System Users.
Dec  6 12:15:48 ubuntu systemd[1]: Starting Create Static Device Nodes in /dev...
Dec  6 12:15:48 ubuntu systemd[1]: Finished Set the console keyboard layout.
Dec  6 12:15:48 ubuntu systemd[1]: Finished Create Static Device Nodes in /dev.
Dec  6 12:15:48 ubuntu systemd[1]: Starting udev Kernel Device Manager...
Dec  6 12:15:48 ubuntu systemd[1]: Finished Flush Journal to Persistent Storage.
Dec  6 12:15:48 ubuntu systemd-udevd[667]: Network interface NamePolicy= disabled on kernel command line, ignoring.
Dec  6 12:15:48 ubuntu systemd[1]: Finished Monitoring of LVM2 mirrors, snapshots etc. using dmeventd or progress polling.
Dec  6 12:15:48 ubuntu systemd[1]: Started udev Kernel Device Manager.
Dec  6 12:15:48 ubuntu systemd[1]: Finished udev Coldplug all Devices.
Dec  6 12:15:48 ubuntu kernel: [    0.000000] Booting Linux on physical CPU 0x0000000000 [0x410fd083]
Dec  6 12:15:48 ubuntu kernel: [    0.000000] Linux version 5.4.0-1023-raspi (buildd@bos02-arm64-074) (gcc version 9.3.0 (Ubuntu 9.3.0-17ubuntu1~20.04)) #26-Ubuntu SMP PREEMPT Thu Nov 12 14:58:33 UTC 2020 (Ubuntu 5.4.0-1023.26-raspi 5.4.73)
Dec  6 12:15:48 ubuntu kernel: [    0.000000] Machine model: Raspberry Pi 4 Model B Rev 1.1
Dec  6 12:15:48 ubuntu kernel: [    0.000000] efi: Getting EFI parameters from FDT:
Dec  6 12:15:48 ubuntu kernel: [    0.000000] efi: UEFI not found.
Dec  6 12:15:48 ubuntu systemd[1]: Starting Show Plymouth Boot Screen...
Dec  6 12:15:48 ubuntu kernel: [    0.000000] Reserved memory: created CMA memory pool at 0x000000002c000000, size 64 MiB
Dec  6 12:15:48 ubuntu kernel: [    0.000000] OF: reserved mem: initialized node linux,cma, compatible id shared-dma-pool
Dec  6 12:15:48 ubuntu kernel: [    0.000000] On node 0 totalpages: 1012736
Dec  6 12:15:48 ubuntu kernel: [    0.000000]   DMA zone: 3792 pages used for memmap
Dec  6 12:15:48 ubuntu kernel: [    0.000000]   DMA zone: 0 pages reserved
Dec  6 12:15:48 ubuntu kernel: [    0.000000]   DMA zone: 242688 pages, LIFO batch:63
Dec  6 12:15:48 ubuntu kernel: [    0.000000]   DMA32 zone: 12032 pages used for memmap
Dec  6 12:15:48 ubuntu kernel: [    0.000000]   DMA32 zone: 770048 pages, LIFO batch:63
Dec  6 12:15:48 ubuntu kernel: [    0.000000] percpu: Embedded 32 pages/cpu s92120 r8192 d30760 u131072
Dec  6 12:15:48 ubuntu systemd[1]: Starting udev Wait for Complete Device Initialization...
Dec  6 12:15:48 ubuntu kernel: [    0.000000] pcpu-alloc: s92120 r8192 d30760 u131072 alloc=32*4096
Dec  6 12:15:48 ubuntu kernel: [    0.000000] pcpu-alloc: [0] 0 [0] 1 [0] 2 [0] 3 
Dec  6 12:15:48 ubuntu kernel: [    0.000000] Detected PIPT I-cache on CPU0
Dec  6 12:15:48 ubuntu kernel: [    0.000000] CPU features: detected: EL2 vector hardening
Dec  6 12:15:48 ubuntu kernel: [    0.000000] CPU features: kernel page table isolation forced ON by KASLR
Dec  6 12:15:48 ubuntu kernel: [    0.000000] CPU features: detected: Kernel page table isolation (KPTI)
Dec  6 12:15:48 ubuntu kernel: [    0.000000] ARM_SMCCC_ARCH_WORKAROUND_1 missing from firmware
Dec  6 12:15:48 ubuntu kernel: [    0.000000] Built 1 zonelists, mobility grouping on.  Total pages: 996912
Dec  6 12:15:48 ubuntu kernel: [    0.000000] Kernel command line:  coherent_pool=1M 8250.nr_uarts=1 snd_bcm2835.enable_compat_alsa=0 snd_bcm2835.enable_hdmi=1 snd_bcm2835.enable_headphones=1 bcm2708_fb.fbwidth=0 bcm2708_fb.fbheight=0 bcm2708_fb.fbswap=1 smsc95xx.macaddr=DC:A6:32:49:A1:D0 vc_mem.mem_base=0x3ec00000 vc_mem.mem_size=0x40000000  net.ifnames=0 dwc_otg.lpm_enable=0 console=ttyS0,115200 console=tty1 root=LABEL=writable rootfstype=ext4 elevator=deadline rootwait fixrtc quiet splash
Dec  6 12:15:48 ubuntu kernel: [    0.000000] Dentry cache hash table entries: 524288 (order: 10, 4194304 bytes, linear)
Dec  6 12:15:48 ubuntu kernel: [    0.000000] Inode-cache hash table entries: 262144 (order: 9, 2097152 bytes, linear)
Dec  6 12:15:48 ubuntu kernel: [    0.000000] mem auto-init: stack:off, heap alloc:off, heap free:off
Dec  6 12:15:48 ubuntu systemd[1]: plymouth-start.service: Succeeded.
Dec  6 12:15:48 ubuntu kernel: [    0.000000] software IO TLB: mapped [mem 0x37400000-0x3b400000] (64MB)
Dec  6 12:15:48 ubuntu kernel: [    0.000000] Memory: 3786072K/4050944K available (11772K kernel code, 1250K rwdata, 4236K rodata, 4096K init, 1074K bss, 199336K reserved, 65536K cma-reserved)
Dec  6 12:15:48 ubuntu kernel: [    0.000000] random: get_random_u64 called from kmem_cache_open+0x3c/0x3e0 with crng_init=0
Dec  6 12:15:48 ubuntu kernel: [    0.000000] SLUB: HWalign=64, Order=0-3, MinObjects=0, CPUs=4, Nodes=1
Dec  6 12:15:48 ubuntu kernel: [    0.000000] ftrace: allocating 39049 entries in 153 pages
Dec  6 12:15:48 ubuntu kernel: [    0.000000] rcu: Preemptible hierarchical RCU implementation.
Dec  6 12:15:48 ubuntu kernel: [    0.000000] 	Tasks RCU enabled.
Dec  6 12:15:48 ubuntu kernel: [    0.000000] rcu: RCU calculated value of scheduler-enlistment delay is 25 jiffies.
Dec  6 12:15:48 ubuntu kernel: [    0.000000] NR_IRQS: 64, nr_irqs: 64, preallocated irqs: 0
Dec  6 12:15:48 ubuntu kernel: [    0.000000] GIC: Using split EOI/Deactivate mode
Dec  6 12:15:48 ubuntu kernel: [    0.000000] arch_timer: cp15 timer(s) running at 54.00MHz (phys).
Dec  6 12:15:48 ubuntu systemd[1]: Started Show Plymouth Boot Screen.
Dec  6 12:15:48 ubuntu kernel: [    0.000000] clocksource: arch_sys_counter: mask: 0xffffffffffffff max_cycles: 0xc743ce346, max_idle_ns: 440795203123 ns
Dec  6 12:15:48 ubuntu kernel: [    0.000006] sched_clock: 56 bits at 54MHz, resolution 18ns, wraps every 4398046511102ns
Dec  6 12:15:48 ubuntu kernel: [    0.000217] Console: colour dummy device 80x25
Dec  6 12:15:48 ubuntu kernel: [    0.000241] printk: console [tty1] enabled
Dec  6 12:15:48 ubuntu kernel: [    0.000293] Calibrating delay loop (skipped), value calculated using timer frequency.. 108.00 BogoMIPS (lpj=216000)
Dec  6 12:15:48 ubuntu kernel: [    0.000310] pid_max: default: 32768 minimum: 301
Dec  6 12:15:48 ubuntu kernel: [    0.000528] LSM: Security Framework initializing
Dec  6 12:15:48 ubuntu kernel: [    0.000578] Yama: becoming mindful.
Dec  6 12:15:48 ubuntu kernel: [    0.000674] AppArmor: AppArmor initialized
Dec  6 12:15:48 ubuntu kernel: [    0.000897] Mount-cache hash table entries: 8192 (order: 4, 65536 bytes, linear)
Dec  6 12:15:48 ubuntu systemd[1]: Condition check resulted in Dispatch Password Requests to Console Directory Watch being skipped.
Dec  6 12:15:48 ubuntu kernel: [    0.000947] Mountpoint-cache hash table entries: 8192 (order: 4, 65536 bytes, linear)
Dec  6 12:15:48 ubuntu kernel: [    0.001019] *** VALIDATE tmpfs ***
Dec  6 12:15:48 ubuntu kernel: [    0.001658] *** VALIDATE proc ***
Dec  6 12:15:48 ubuntu kernel: [    0.002224] Disabling memory control group subsystem
Dec  6 12:15:48 ubuntu kernel: [    0.002298] *** VALIDATE cgroup1 ***
Dec  6 12:15:48 ubuntu kernel: [    0.002309] *** VALIDATE cgroup2 ***
Dec  6 12:15:48 ubuntu kernel: [    0.003606] ASID allocator initialised with 32768 entries
Dec  6 12:15:48 ubuntu kernel: [    0.003782] rcu: Hierarchical SRCU implementation.
Dec  6 12:15:48 ubuntu kernel: [    0.005916] EFI services will not be available.
Dec  6 12:15:48 ubuntu kernel: [    0.006763] smp: Bringing up secondary CPUs ...
Dec  6 12:15:48 ubuntu kernel: [    0.007723] Detected PIPT I-cache on CPU1
Dec  6 12:15:48 ubuntu systemd[1]: Started Forward Password Requests to Plymouth Directory Watch.
Dec  6 12:15:48 ubuntu kernel: [    0.007778] CPU1: Booted secondary processor 0x0000000001 [0x410fd083]
Dec  6 12:15:48 ubuntu kernel: [    0.008865] Detected PIPT I-cache on CPU2
Dec  6 12:15:48 ubuntu kernel: [    0.008903] CPU2: Booted secondary processor 0x0000000002 [0x410fd083]
Dec  6 12:15:48 ubuntu kernel: [    0.009947] Detected PIPT I-cache on CPU3
Dec  6 12:15:48 ubuntu kernel: [    0.009986] CPU3: Booted secondary processor 0x0000000003 [0x410fd083]
Dec  6 12:15:48 ubuntu kernel: [    0.010135] smp: Brought up 1 node, 4 CPUs
Dec  6 12:15:48 ubuntu kernel: [    0.010145] SMP: Total of 4 processors activated.
Dec  6 12:15:48 ubuntu kernel: [    0.010155] CPU features: detected: 32-bit EL0 Support
Dec  6 12:15:48 ubuntu kernel: [    0.010165] CPU features: detected: CRC32 instructions
Dec  6 12:15:48 ubuntu kernel: [    0.017939] CPU features: emulated: Privileged Access Never (PAN) using TTBR0_EL1 switching
Dec  6 12:15:48 ubuntu kernel: [    0.017950] CPU: All CPU(s) started at EL2
Dec  6 12:15:48 ubuntu kernel: [    0.018013] alternatives: patching kernel code
Dec  6 12:15:48 ubuntu systemd[1]: Reached target Local Encrypted Volumes.
Dec  6 12:15:48 ubuntu kernel: [    0.019582] devtmpfs: initialized
Dec  6 12:15:48 ubuntu kernel: [    0.029647] Enabled cp15_barrier support
Dec  6 12:15:48 ubuntu kernel: [    0.029673] Enabled setend support
Dec  6 12:15:48 ubuntu kernel: [    0.030166] clocksource: jiffies: mask: 0xffffffff max_cycles: 0xffffffff, max_idle_ns: 7645041785100000 ns
Dec  6 12:15:48 ubuntu kernel: [    0.030189] futex hash table entries: 1024 (order: 4, 65536 bytes, linear)
Dec  6 12:15:48 ubuntu kernel: [    0.032431] pinctrl core: initialized pinctrl subsystem
Dec  6 12:15:48 ubuntu kernel: [    0.033080] DMI not present or invalid.
Dec  6 12:15:48 ubuntu kernel: [    0.033747] NET: Registered protocol family 16
Dec  6 12:15:48 ubuntu kernel: [    0.036331] DMA: preallocated 1024 KiB pool for atomic allocations
Dec  6 12:15:48 ubuntu kernel: [    0.036351] audit: initializing netlink subsys (disabled)
Dec  6 12:15:48 ubuntu kernel: [    0.036611] audit: type=2000 audit(0.036:1): state=initialized audit_enabled=0 res=1
Dec  6 12:15:48 ubuntu kernel: [    0.037198] cpuidle: using governor ladder
Dec  6 12:15:48 ubuntu kernel: [    0.037239] cpuidle: using governor menu
Dec  6 12:15:48 ubuntu systemd-udevd[695]: Using default interface naming scheme 'v245'.
Dec  6 12:15:48 ubuntu kernel: [    0.037768] hw-breakpoint: found 6 breakpoint and 4 watchpoint registers.
Dec  6 12:15:48 ubuntu kernel: [    0.038077] Serial: AMBA PL011 UART driver
Dec  6 12:15:48 ubuntu kernel: [    0.040940] bcm2835-mbox fe00b880.mailbox: mailbox enabled
Dec  6 12:15:48 ubuntu kernel: [    0.052140] raspberrypi-firmware soc:firmware: Attached to firmware from 2020-06-01 13:23, variant start
Dec  6 12:15:48 ubuntu kernel: [    0.056147] raspberrypi-firmware soc:firmware: Firmware hash is 6379679d1ec6a8c746d7e77e015f5b56b939976f
Dec  6 12:15:48 ubuntu kernel: [    0.099220] bcm2835-dma fe007000.dma: DMA legacy API manager, dmachans=0x1
Dec  6 12:15:48 ubuntu kernel: [    0.102288] iommu: Default domain type: Translated 
Dec  6 12:15:48 ubuntu kernel: [    0.103544] SCSI subsystem initialized
Dec  6 12:15:48 ubuntu kernel: [    0.103815] libata version 3.00 loaded.
Dec  6 12:15:48 ubuntu kernel: [    0.104090] usbcore: registered new interface driver usbfs
Dec  6 12:15:48 ubuntu kernel: [    0.104136] usbcore: registered new interface driver hub
Dec  6 12:15:48 ubuntu kernel: [    0.104241] usbcore: registered new device driver usb
Dec  6 12:15:48 ubuntu systemd[1]: Found device /dev/ttyS0.
Dec  6 12:15:48 ubuntu kernel: [    0.104618] pps_core: LinuxPPS API ver. 1 registered
Dec  6 12:15:48 ubuntu kernel: [    0.104627] pps_core: Software ver. 5.3.6 - Copyright 2005-2007 Rodolfo Giometti <giometti@linux.it>
Dec  6 12:15:48 ubuntu kernel: [    0.104647] PTP clock support registered
Dec  6 12:15:48 ubuntu kernel: [    0.104965] EDAC MC: Ver: 3.0.0
Dec  6 12:15:48 ubuntu kernel: [    0.106344] NetLabel: Initializing
Dec  6 12:15:48 ubuntu kernel: [    0.106354] NetLabel:  domain hash size = 128
Dec  6 12:15:48 ubuntu kernel: [    0.106362] NetLabel:  protocols = UNLABELED CIPSOv4 CALIPSO
Dec  6 12:15:48 ubuntu kernel: [    0.106427] NetLabel:  unlabeled traffic allowed by default
Dec  6 12:15:48 ubuntu kernel: [    0.107373] clocksource: Switched to clocksource arch_sys_counter
Dec  6 12:15:48 ubuntu kernel: [    0.196482] *** VALIDATE bpf ***
Dec  6 12:15:48 ubuntu kernel: [    0.196881] VFS: Disk quotas dquot_6.6.0
Dec  6 12:15:48 ubuntu kernel: [    0.196972] VFS: Dquot-cache hash table entries: 512 (order 0, 4096 bytes)
Dec  6 12:15:48 ubuntu kernel: [    0.197092] *** VALIDATE ramfs ***
Dec  6 12:15:48 ubuntu systemd-udevd[695]: ethtool: autonegotiation is unset or enabled, the speed and duplex are not writable.
Dec  6 12:15:48 ubuntu kernel: [    0.197712] AppArmor: AppArmor Filesystem Enabled
Dec  6 12:15:48 ubuntu kernel: [    0.207827] thermal_sys: Registered thermal governor 'fair_share'
Dec  6 12:15:48 ubuntu kernel: [    0.207833] thermal_sys: Registered thermal governor 'bang_bang'
Dec  6 12:15:48 ubuntu kernel: [    0.207843] thermal_sys: Registered thermal governor 'step_wise'
Dec  6 12:15:48 ubuntu kernel: [    0.207851] thermal_sys: Registered thermal governor 'user_space'
Dec  6 12:15:48 ubuntu kernel: [    0.207859] thermal_sys: Registered thermal governor 'power_allocator'
Dec  6 12:15:48 ubuntu systemd-udevd[684]: ethtool: autonegotiation is unset or enabled, the speed and duplex are not writable.
Dec  6 12:15:48 ubuntu systemd[1]: Listening on Load/Save RF Kill Switch Status /dev/rfkill Watch.
Dec  6 12:15:48 ubuntu systemd[1]: Starting Load/Save RF Kill Switch Status...
Dec  6 12:15:48 ubuntu systemd[1]: Found device /dev/disk/by-label/system-boot.
Dec  6 12:15:48 ubuntu udevadm[688]: systemd-udev-settle.service is deprecated.
Dec  6 12:15:48 ubuntu systemd-udevd[670]: Using default interface naming scheme 'v245'.
Dec  6 12:15:48 ubuntu systemd-udevd[670]: ethtool: autonegotiation is unset or enabled, the speed and duplex are not writable.
Dec  6 12:15:48 ubuntu systemd[1]: Started Load/Save RF Kill Switch Status.
Dec  6 12:15:48 ubuntu systemd[1]: Finished udev Wait for Complete Device Initialization.
Dec  6 12:15:48 ubuntu systemd[1]: Found device /sys/subsystem/net/devices/wlan0.
Dec  6 12:15:48 ubuntu systemd[1]: Reached target Sound Card.
Dec  6 12:15:48 ubuntu kernel: [    0.208406] NET: Registered protocol family 2
Dec  6 12:15:48 ubuntu kernel: [    0.209117] tcp_listen_portaddr_hash hash table entries: 2048 (order: 3, 32768 bytes, linear)
Dec  6 12:15:48 ubuntu kernel: [    0.209161] TCP established hash table entries: 32768 (order: 6, 262144 bytes, linear)
Dec  6 12:15:48 ubuntu kernel: [    0.209358] TCP bind hash table entries: 32768 (order: 7, 524288 bytes, linear)
Dec  6 12:15:48 ubuntu kernel: [    0.209764] TCP: Hash tables configured (established 32768 bind 32768)
Dec  6 12:15:48 ubuntu kernel: [    0.209975] UDP hash table entries: 2048 (order: 4, 65536 bytes, linear)
Dec  6 12:15:48 ubuntu systemd[1]: Starting Device-Mapper Multipath Device Controller...
Dec  6 12:15:48 ubuntu kernel: [    0.210025] UDP-Lite hash table entries: 2048 (order: 4, 65536 bytes, linear)
Dec  6 12:15:48 ubuntu kernel: [    0.210289] NET: Registered protocol family 1
Dec  6 12:15:48 ubuntu kernel: [    0.210319] NET: Registered protocol family 44
Dec  6 12:15:48 ubuntu kernel: [    0.210335] PCI: CLS 0 bytes, default 64
Dec  6 12:15:48 ubuntu kernel: [    0.210606] Trying to unpack rootfs image as initramfs...
Dec  6 12:15:48 ubuntu kernel: [    0.875145] Freeing initrd memory: 28644K
Dec  6 12:15:48 ubuntu kernel: [    0.876883] hw perfevents: enabled with armv8_cortex_a72 PMU driver, 7 counters available
Dec  6 12:15:48 ubuntu kernel: [    0.877086] kvm [1]: IPA Size Limit: 44bits
Dec  6 12:15:48 ubuntu kernel: [    0.877976] kvm [1]: vgic interrupt IRQ1
Dec  6 12:15:48 ubuntu kernel: [    0.878209] kvm [1]: Hyp mode initialized successfully
Dec  6 12:15:48 ubuntu kernel: [    0.880495] Initialise system trusted keyrings
Dec  6 12:15:48 ubuntu kernel: [    0.880548] Key type blacklist registered
Dec  6 12:15:48 ubuntu kernel: [    0.880773] workingset: timestamp_bits=46 max_order=20 bucket_order=0
Dec  6 12:15:48 ubuntu systemd[1]: Started WPA supplicant for netplan wlan0.
Dec  6 12:15:48 ubuntu kernel: [    0.887906] zbud: loaded
Dec  6 12:15:48 ubuntu kernel: [    0.889973] squashfs: version 4.0 (2009/01/31) Phillip Lougher
Dec  6 12:15:48 ubuntu kernel: [    0.890995] fuse: init (API version 7.31)
Dec  6 12:15:48 ubuntu kernel: [    0.891102] *** VALIDATE fuse ***
Dec  6 12:15:48 ubuntu kernel: [    0.891116] *** VALIDATE fuse ***
Dec  6 12:15:48 ubuntu kernel: [    0.915862] Key type asymmetric registered
Dec  6 12:15:48 ubuntu kernel: [    0.915872] Asymmetric key parser 'x509' registered
Dec  6 12:15:48 ubuntu kernel: [    0.915926] Block layer SCSI generic (bsg) driver version 0.4 loaded (major 242)
Dec  6 12:15:48 ubuntu kernel: [    0.916144] io scheduler mq-deadline registered
Dec  6 12:15:48 ubuntu kernel: [    0.955223] brcm-pcie fd500000.pcie: host bridge /scb/pcie@7d500000 ranges:
Dec  6 12:15:48 ubuntu kernel: [    0.955243] brcm-pcie fd500000.pcie:   No bus range found for /scb/pcie@7d500000, using [bus 00-ff]
Dec  6 12:15:48 ubuntu kernel: [    0.955295] brcm-pcie fd500000.pcie:      MEM 0x0600000000..0x0603ffffff -> 0x00f8000000
Dec  6 12:15:48 ubuntu kernel: [    0.955345] brcm-pcie fd500000.pcie:   IB MEM 0x0000000000..0x00bfffffff -> 0x0000000000
Dec  6 12:15:48 ubuntu wpa_supplicant[1266]: Successfully initialized wpa_supplicant
Dec  6 12:15:48 ubuntu kernel: [    1.005468] brcm-pcie fd500000.pcie: link up, 5 GT/s x1 (SSC)
Dec  6 12:15:48 ubuntu kernel: [    1.005766] brcm-pcie fd500000.pcie: PCI host bridge to bus 0000:00
Dec  6 12:15:48 ubuntu kernel: [    1.005780] pci_bus 0000:00: root bus resource [bus 00-ff]
Dec  6 12:15:48 ubuntu kernel: [    1.005796] pci_bus 0000:00: root bus resource [mem 0x600000000-0x603ffffff] (bus address [0xf8000000-0xfbffffff])
Dec  6 12:15:48 ubuntu kernel: [    1.005840] pci 0000:00:00.0: [14e4:2711] type 01 class 0x060400
Dec  6 12:15:48 ubuntu kernel: [    1.006036] pci 0000:00:00.0: PME# supported from D0 D3hot
Dec  6 12:15:48 ubuntu kernel: [    1.009711] pci 0000:00:00.0: bridge configuration invalid ([bus 00-00]), reconfiguring
Dec  6 12:15:48 ubuntu kernel: [    1.009944] pci 0000:01:00.0: [1106:3483] type 00 class 0x0c0330
Dec  6 12:15:48 ubuntu kernel: [    1.010072] pci 0000:01:00.0: reg 0x10: [mem 0x00000000-0x00000fff 64bit]
Dec  6 12:15:48 ubuntu kernel: [    1.010421] pci 0000:01:00.0: PME# supported from D0 D3cold
Dec  6 12:15:48 ubuntu kernel: [    1.014252] pci_bus 0000:01: busn_res: [bus 01-ff] end is updated to 01
Dec  6 12:15:48 ubuntu kernel: [    1.014286] pci 0000:00:00.0: BAR 14: assigned [mem 0x600000000-0x6000fffff]
Dec  6 12:15:48 ubuntu multipathd[1271]: --------start up--------
Dec  6 12:15:48 ubuntu kernel: [    1.014304] pci 0000:01:00.0: BAR 0: assigned [mem 0x600000000-0x600000fff 64bit]
Dec  6 12:15:48 ubuntu kernel: [    1.014334] pci 0000:00:00.0: PCI bridge to [bus 01]
Dec  6 12:15:48 ubuntu kernel: [    1.014350] pci 0000:00:00.0:   bridge window [mem 0x600000000-0x6000fffff]
Dec  6 12:15:48 ubuntu kernel: [    1.014616] pcieport 0000:00:00.0: enabling device (0000 -> 0002)
Dec  6 12:15:48 ubuntu kernel: [    1.014793] pcieport 0000:00:00.0: PME: Signaling with IRQ 41
Dec  6 12:15:48 ubuntu kernel: [    1.015151] pcieport 0000:00:00.0: AER: enabled with IRQ 41
Dec  6 12:15:48 ubuntu kernel: [    1.015448] pci 0000:01:00.0: enabling device (0000 -> 0002)
Dec  6 12:15:48 ubuntu kernel: [    1.020531] bcm2708_fb soc:fb: Unable to determine number of FBs. Disabling driver.
Dec  6 12:15:48 ubuntu kernel: [    1.020571] bcm2708_fb: probe of soc:fb failed with error -2
Dec  6 12:15:48 ubuntu kernel: [    1.152058] Serial: 8250/16550 driver, 1 ports, IRQ sharing enabled
Dec  6 12:15:48 ubuntu kernel: [    1.154502] iproc-rng200 fe104000.rng: hwrng registered
Dec  6 12:15:48 ubuntu kernel: [    1.154918] vc-mem: phys_addr:0x00000000 mem_base=0x3ec00000 mem_size:0x40000000(1024 MiB)
Dec  6 12:15:48 ubuntu kernel: [    1.155772] gpiomem-bcm2835 fe200000.gpiomem: Initialised: Registers at 0xfe200000
Dec  6 12:15:48 ubuntu multipathd[1271]: read /etc/multipath.conf
Dec  6 12:15:48 ubuntu kernel: [    1.156099] cacheinfo: Unable to detect cache hierarchy for CPU 0
Dec  6 12:15:48 ubuntu kernel: [    1.524855] loop: module loaded
Dec  6 12:15:48 ubuntu kernel: [    1.527547] spi-bcm2835 fe204000.spi: could not get clk: -517
Dec  6 12:15:48 ubuntu kernel: [    1.529298] libphy: Fixed MDIO Bus: probed
Dec  6 12:15:48 ubuntu kernel: [    1.529333] tun: Universal TUN/TAP device driver, 1.6
Dec  6 12:15:48 ubuntu kernel: [    1.529962] bcmgenet fd580000.ethernet: failed to get enet clock
Dec  6 12:15:48 ubuntu kernel: [    1.529977] bcmgenet fd580000.ethernet: GENET 5.0 EPHY: 0x0000
Dec  6 12:15:48 ubuntu kernel: [    1.529994] bcmgenet fd580000.ethernet: failed to get enet-wol clock
Dec  6 12:15:48 ubuntu kernel: [    1.530008] bcmgenet fd580000.ethernet: failed to get enet-eee clock
Dec  6 12:15:48 ubuntu kernel: [    1.530030] bcmgenet: Skipping UMAC reset
Dec  6 12:15:48 ubuntu kernel: [    1.539414] libphy: bcmgenet MII bus: probed
Dec  6 12:15:48 ubuntu kernel: [    1.595473] unimac-mdio unimac-mdio.-19: Broadcom UniMAC MDIO bus
Dec  6 12:15:48 ubuntu kernel: [    1.596330] PPP generic driver version 2.4.2
Dec  6 12:15:48 ubuntu multipathd[1271]: path checkers start up
Dec  6 12:15:48 ubuntu kernel: [    1.596588] usbcore: registered new interface driver lan78xx
Dec  6 12:15:48 ubuntu kernel: [    1.596643] usbcore: registered new interface driver smsc95xx
Dec  6 12:15:48 ubuntu kernel: [    1.596674] ehci_hcd: USB 2.0 'Enhanced' Host Controller (EHCI) Driver
Dec  6 12:15:48 ubuntu kernel: [    1.596698] ehci-pci: EHCI PCI platform driver
Dec  6 12:15:48 ubuntu kernel: [    1.596749] ohci_hcd: USB 1.1 'Open' Host Controller (OHCI) Driver
Dec  6 12:15:48 ubuntu kernel: [    1.596766] ohci-pci: OHCI PCI platform driver
Dec  6 12:15:48 ubuntu systemd[1]: Started Device-Mapper Multipath Device Controller.
Dec  6 12:15:48 ubuntu kernel: [    1.596807] uhci_hcd: USB Universal Host Controller Interface driver
Dec  6 12:15:48 ubuntu kernel: [    1.597143] xhci_hcd 0000:01:00.0: xHCI Host Controller
Dec  6 12:15:48 ubuntu kernel: [    1.597170] xhci_hcd 0000:01:00.0: new USB bus registered, assigned bus number 1
Dec  6 12:15:48 ubuntu kernel: [    1.597968] xhci_hcd 0000:01:00.0: hcc params 0x002841eb hci version 0x100 quirks 0x0000001000000890
Dec  6 12:15:48 ubuntu kernel: [    1.598741] usb usb1: New USB device found, idVendor=1d6b, idProduct=0002, bcdDevice= 5.04
Dec  6 12:15:48 ubuntu kernel: [    1.598753] usb usb1: New USB device strings: Mfr=3, Product=2, SerialNumber=1
Dec  6 12:15:48 ubuntu kernel: [    1.598764] usb usb1: Product: xHCI Host Controller
Dec  6 12:15:48 ubuntu kernel: [    1.598775] usb usb1: Manufacturer: Linux 5.4.0-1023-raspi xhci-hcd
Dec  6 12:15:48 ubuntu kernel: [    1.598785] usb usb1: SerialNumber: 0000:01:00.0
Dec  6 12:15:48 ubuntu kernel: [    1.599404] hub 1-0:1.0: USB hub found
Dec  6 12:15:48 ubuntu kernel: [    1.599491] hub 1-0:1.0: 1 port detected
Dec  6 12:15:48 ubuntu kernel: [    1.600071] xhci_hcd 0000:01:00.0: xHCI Host Controller
Dec  6 12:15:48 ubuntu kernel: [    1.600089] xhci_hcd 0000:01:00.0: new USB bus registered, assigned bus number 2
Dec  6 12:15:48 ubuntu systemd[1]: Reached target Local File Systems (Pre).
Dec  6 12:15:48 ubuntu kernel: [    1.600110] xhci_hcd 0000:01:00.0: Host supports USB 3.0 SuperSpeed
Dec  6 12:15:48 ubuntu kernel: [    1.600483] usb usb2: New USB device found, idVendor=1d6b, idProduct=0003, bcdDevice= 5.04
Dec  6 12:15:48 ubuntu kernel: [    1.600496] usb usb2: New USB device strings: Mfr=3, Product=2, SerialNumber=1
Dec  6 12:15:48 ubuntu kernel: [    1.600506] usb usb2: Product: xHCI Host Controller
Dec  6 12:15:48 ubuntu kernel: [    1.600516] usb usb2: Manufacturer: Linux 5.4.0-1023-raspi xhci-hcd
Dec  6 12:15:48 ubuntu kernel: [    1.600526] usb usb2: SerialNumber: 0000:01:00.0
Dec  6 12:15:48 ubuntu systemd[1]: Mounting Mount unit for core18, revision 1883...
Dec  6 12:15:48 ubuntu kernel: [    1.601048] hub 2-0:1.0: USB hub found
Dec  6 12:15:48 ubuntu kernel: [    1.601103] hub 2-0:1.0: 4 ports detected
Dec  6 12:15:48 ubuntu kernel: [    1.602046] dwc_otg: version 3.00a 10-AUG-2012 (platform bus)
Dec  6 12:15:48 ubuntu kernel: [    1.602296] dwc_otg: FIQ enabled
Dec  6 12:15:48 ubuntu kernel: [    1.602303] dwc_otg: NAK holdoff enabled
Dec  6 12:15:48 ubuntu kernel: [    1.602311] dwc_otg: FIQ split-transaction FSM enabled
Dec  6 12:15:48 ubuntu kernel: [    1.602321] Module dwc_common_port init
Dec  6 12:15:48 ubuntu kernel: [    1.602860] mousedev: PS/2 mouse device common for all mice
Dec  6 12:15:48 ubuntu kernel: [    1.603281] i2c /dev entries driver
Dec  6 12:15:48 ubuntu kernel: [    1.606266] bcm2835-wdt bcm2835-wdt: Broadcom BCM2835 watchdog timer
Dec  6 12:15:48 ubuntu kernel: [    1.606477] device-mapper: uevent: version 1.0.3
Dec  6 12:15:48 ubuntu kernel: [    1.606795] device-mapper: ioctl: 4.41.0-ioctl (2019-09-16) initialised: dm-devel@redhat.com
Dec  6 12:15:48 ubuntu kernel: [    1.628306] sdhci: Secure Digital Host Controller Interface driver
Dec  6 12:15:48 ubuntu systemd[1]: Mounting Mount unit for core18, revision 1936...
Dec  6 12:15:48 ubuntu kernel: [    1.628309] sdhci: Copyright(c) Pierre Ossman
Dec  6 12:15:48 ubuntu kernel: [    1.628538] mmc-bcm2835 fe300000.mmcnr: could not get clk, deferring probe
Dec  6 12:15:48 ubuntu kernel: [    1.628703] sdhci-pltfm: SDHCI platform and OF driver helper
Dec  6 12:15:48 ubuntu kernel: [    1.653226] ledtrig-cpu: registered to indicate activity on CPUs
Dec  6 12:15:48 ubuntu kernel: [    1.653348] hidraw: raw HID events driver (C) Jiri Kosina
Dec  6 12:15:48 ubuntu kernel: [    1.654035] vchiq: vchiq_init_state: slot_zero = (____ptrval____)
Dec  6 12:15:48 ubuntu kernel: [    1.664169] drop_monitor: Initializing network drop monitor service
Dec  6 12:15:48 ubuntu kernel: [    1.664692] NET: Registered protocol family 10
Dec  6 12:15:48 ubuntu kernel: [    1.681913] Segment Routing with IPv6
Dec  6 12:15:48 ubuntu kernel: [    1.681969] NET: Registered protocol family 17
Dec  6 12:15:48 ubuntu kernel: [    1.682062] Key type dns_resolver registered
Dec  6 12:15:48 ubuntu systemd[1]: Mounting Mount unit for lxd, revision 16103...
Dec  6 12:15:48 ubuntu systemd[1]: Mounting Mount unit for lxd, revision 18152...
Dec  6 12:15:48 ubuntu systemd[1]: Mounting Mount unit for snapd, revision 10494...
Dec  6 12:15:48 ubuntu systemd[1]: Mounting Mount unit for snapd, revision 8543...
Dec  6 12:15:48 ubuntu systemd[1]: Starting File System Check on /dev/disk/by-label/system-boot...
Dec  6 12:15:48 ubuntu systemd[1]: Started File System Check Daemon to report status.
Dec  6 12:15:48 ubuntu systemd[1]: Mounted Mount unit for core18, revision 1883.
Dec  6 12:15:48 ubuntu systemd[1]: Mounted Mount unit for lxd, revision 16103.
Dec  6 12:15:48 ubuntu systemd[1]: Mounted Mount unit for lxd, revision 18152.
Dec  6 12:15:48 ubuntu systemd[1]: Mounted Mount unit for snapd, revision 10494.
Dec  6 12:15:48 ubuntu systemd[1]: Mounted Mount unit for core18, revision 1936.
Dec  6 12:15:48 ubuntu systemd[1]: Mounted Mount unit for snapd, revision 8543.
Dec  6 12:15:48 ubuntu systemd-fsck[1295]: fsck.fat 4.1 (2017-01-24)
Dec  6 12:15:48 ubuntu kernel: [    1.682440] registered taskstats version 1
Dec  6 12:15:48 ubuntu kernel: [    1.682482] Loading compiled-in X.509 certificates
Dec  6 12:15:48 ubuntu kernel: [    1.683907] Loaded X.509 cert 'Build time autogenerated kernel key: 56589b74bf36c8bb161bfd55544fb9f80fcf34c9'
Dec  6 12:15:48 ubuntu kernel: [    1.684085] Key type ._fscrypt registered
Dec  6 12:15:48 ubuntu kernel: [    1.684088] Key type .fscrypt registered
Dec  6 12:15:48 ubuntu kernel: [    1.700911] cryptd: max_cpu_qlen set to 1000
Dec  6 12:15:48 ubuntu kernel: [    1.719300] Key type big_key registered
Dec  6 12:15:48 ubuntu kernel: [    1.742027] Key type encrypted registered
Dec  6 12:15:48 ubuntu systemd-fsck[1295]: /dev/mmcblk0p1: 249 files, 195174/516190 clusters
Dec  6 12:15:48 ubuntu kernel: [    1.742040] AppArmor: AppArmor sha1 policy hashing enabled
Dec  6 12:15:48 ubuntu kernel: [    1.742059] ima: No TPM chip found, activating TPM-bypass!
Dec  6 12:15:48 ubuntu kernel: [    1.742075] ima: Allocated hash algorithm: sha1
Dec  6 12:15:48 ubuntu kernel: [    1.742094] ima: No architecture policies found
Dec  6 12:15:48 ubuntu kernel: [    1.742123] evm: Initialising EVM extended attributes:
Dec  6 12:15:48 ubuntu kernel: [    1.742126] evm: security.selinux
Dec  6 12:15:48 ubuntu kernel: [    1.742129] evm: security.SMACK64
Dec  6 12:15:48 ubuntu kernel: [    1.742132] evm: security.SMACK64EXEC
Dec  6 12:15:48 ubuntu kernel: [    1.742135] evm: security.SMACK64TRANSMUTE
Dec  6 12:15:48 ubuntu kernel: [    1.742138] evm: security.SMACK64MMAP
Dec  6 12:15:48 ubuntu kernel: [    1.742141] evm: security.apparmor
Dec  6 12:15:48 ubuntu kernel: [    1.742143] evm: security.ima
Dec  6 12:15:48 ubuntu kernel: [    1.742146] evm: security.capability
Dec  6 12:15:48 ubuntu systemd[1]: Finished File System Check on /dev/disk/by-label/system-boot.
Dec  6 12:15:48 ubuntu kernel: [    1.742149] evm: HMAC attrs: 0x1
Dec  6 12:15:48 ubuntu kernel: [    1.745933] uart-pl011 fe201000.serial: cts_event_workaround enabled
Dec  6 12:15:48 ubuntu kernel: [    1.745984] fe201000.serial: ttyAMA0 at MMIO 0xfe201000 (irq = 14, base_baud = 0) is a PL011 rev2
Dec  6 12:15:48 ubuntu kernel: [    1.780029] printk: console [ttyS0] disabled
Dec  6 12:15:48 ubuntu kernel: [    1.780060] fe215040.serial: ttyS0 at MMIO 0x0 (irq = 16, base_baud = 62500000) is a 16550
Dec  6 12:15:48 ubuntu kernel: [    1.793703] printk: console [ttyS0] enabled
Dec  6 12:15:48 ubuntu kernel: [    1.794042] bcm2835-power bcm2835-power: Broadcom BCM2835 power domains driver
Dec  6 12:15:48 ubuntu kernel: [    1.795722] mmc-bcm2835 fe300000.mmcnr: mmc_debug:0 mmc_debug2:0
Dec  6 12:15:48 ubuntu kernel: [    1.795728] mmc-bcm2835 fe300000.mmcnr: DMA channel allocated
Dec  6 12:15:48 ubuntu kernel: [    1.844342] mmc1: queuing unknown CIS tuple 0x80 (2 bytes)
Dec  6 12:15:48 ubuntu kernel: [    1.845894] mmc1: queuing unknown CIS tuple 0x80 (3 bytes)
Dec  6 12:15:48 ubuntu kernel: [    1.847402] mmc1: queuing unknown CIS tuple 0x80 (3 bytes)
Dec  6 12:15:48 ubuntu kernel: [    1.850110] mmc1: queuing unknown CIS tuple 0x80 (7 bytes)
Dec  6 12:15:48 ubuntu systemd[1]: boot-firmware.mount: Directory /boot/firmware to mount over is not empty, mounting anyway.
Dec  6 12:15:48 ubuntu kernel: [    1.851618] mmc1: queuing unknown CIS tuple 0x80 (3 bytes)
Dec  6 12:15:48 ubuntu kernel: [    1.857498] mmc0: SDHCI controller on fe340000.emmc2 [fe340000.emmc2] using ADMA
Dec  6 12:15:48 ubuntu kernel: [    1.858669] hctosys: unable to open rtc device (rtc0)
Dec  6 12:15:48 ubuntu kernel: [    1.858932] of_cfs_init
Dec  6 12:15:48 ubuntu kernel: [    1.858994] of_cfs_init: OK
Dec  6 12:15:48 ubuntu kernel: [    1.879920] Freeing unused kernel memory: 4096K
Dec  6 12:15:48 ubuntu kernel: [    1.893816] random: fast init done
Dec  6 12:15:48 ubuntu kernel: [    1.894281] Checked W+X mappings: passed, no W+X pages found
Dec  6 12:15:48 ubuntu systemd[1]: Mounting /boot/firmware...
Dec  6 12:15:48 ubuntu kernel: [    1.894287] Run /init as init process
Dec  6 12:15:48 ubuntu kernel: [    1.912108] mmc1: new high speed SDIO card at address 0001
Dec  6 12:15:48 ubuntu kernel: [    1.939430] usb 1-1: new high-speed USB device number 2 using xhci_hcd
Dec  6 12:15:48 ubuntu kernel: [    1.948025] random: systemd-udevd: uninitialized urandom read (16 bytes read)
Dec  6 12:15:48 ubuntu kernel: [    1.950839] random: systemd-udevd: uninitialized urandom read (16 bytes read)
Dec  6 12:15:48 ubuntu kernel: [    1.950874] random: systemd-udevd: uninitialized urandom read (16 bytes read)
Dec  6 12:15:48 ubuntu kernel: [    1.958381] mmc0: new ultra high speed DDR50 SDHC card at address aaaa
Dec  6 12:15:48 ubuntu kernel: [    1.959066] mmcblk0: mmc0:aaaa SC32G 29.7 GiB
Dec  6 12:15:48 ubuntu systemd[1]: Mounted /boot/firmware.
Dec  6 12:15:48 ubuntu kernel: [    1.962048]  mmcblk0: p1 p2
Dec  6 12:15:48 ubuntu kernel: [    2.090372] usb 1-1: New USB device found, idVendor=2109, idProduct=3431, bcdDevice= 4.20
Dec  6 12:15:48 ubuntu kernel: [    2.090380] usb 1-1: New USB device strings: Mfr=0, Product=1, SerialNumber=0
Dec  6 12:15:48 ubuntu kernel: [    2.090384] usb 1-1: Product: USB2.0 Hub
Dec  6 12:15:48 ubuntu kernel: [    2.091674] hub 1-1:1.0: USB hub found
Dec  6 12:15:48 ubuntu kernel: [    2.091987] hub 1-1:1.0: 4 ports detected
Dec  6 12:15:48 ubuntu kernel: [    2.471294] usb_phy_generic phy: phy supply vcc not found, using dummy regulator
Dec  6 12:15:48 ubuntu kernel: [    4.551360] raid6: neonx8   gen()  3178 MB/s
Dec  6 12:15:48 ubuntu kernel: [    4.599361] raid6: neonx8   xor()  2886 MB/s
Dec  6 12:15:48 ubuntu kernel: [    4.647380] raid6: neonx4   gen()  2731 MB/s
Dec  6 12:15:48 ubuntu kernel: [    4.695365] raid6: neonx4   xor()  2360 MB/s
Dec  6 12:15:48 ubuntu systemd[1]: Reached target Local File Systems.
Dec  6 12:15:48 ubuntu kernel: [    4.743356] raid6: neonx2   gen()  2338 MB/s
Dec  6 12:15:48 ubuntu kernel: [    4.791356] raid6: neonx2   xor()  2265 MB/s
Dec  6 12:15:48 ubuntu kernel: [    4.839357] raid6: neonx1   gen()  1849 MB/s
Dec  6 12:15:48 ubuntu kernel: [    4.887368] raid6: neonx1   xor()  1722 MB/s
Dec  6 12:15:48 ubuntu kernel: [    4.935376] raid6: int64x8  gen()  1672 MB/s
Dec  6 12:15:48 ubuntu kernel: [    4.983375] raid6: int64x8  xor()  1240 MB/s
Dec  6 12:15:48 ubuntu kernel: [    5.031383] raid6: int64x4  gen()  1596 MB/s
Dec  6 12:15:48 ubuntu kernel: [    5.079379] raid6: int64x4  xor()  1129 MB/s
Dec  6 12:15:48 ubuntu kernel: [    5.127403] raid6: int64x2  gen()  1201 MB/s
Dec  6 12:15:48 ubuntu kernel: [    5.175363] raid6: int64x2  xor()   987 MB/s
Dec  6 12:15:48 ubuntu kernel: [    5.223404] raid6: int64x1  gen()   926 MB/s
Dec  6 12:15:48 ubuntu systemd[1]: Starting Load AppArmor profiles...
Dec  6 12:15:48 ubuntu kernel: [    5.271393] raid6: int64x1  xor()   687 MB/s
Dec  6 12:15:48 ubuntu kernel: [    5.271397] raid6: using algorithm neonx8 gen() 3178 MB/s
Dec  6 12:15:48 ubuntu kernel: [    5.271400] raid6: .... xor() 2886 MB/s, rmw enabled
Dec  6 12:15:48 ubuntu kernel: [    5.271403] raid6: using neon recovery algorithm
Dec  6 12:15:48 ubuntu kernel: [    5.275089] xor: measuring software checksum speed
Dec  6 12:15:48 ubuntu kernel: [    5.311374]    8regs     :  5938.000 MB/sec
Dec  6 12:15:48 ubuntu kernel: [    5.351354]    32regs    :  6779.000 MB/sec
Dec  6 12:15:48 ubuntu kernel: [    5.391354]    arm64_neon:  6118.000 MB/sec
Dec  6 12:15:48 ubuntu kernel: [    5.391358] xor: using function: 32regs (6779.000 MB/sec)
Dec  6 12:15:48 ubuntu kernel: [    5.393220] async_tx: api initialized (async)
Dec  6 12:15:48 ubuntu systemd[1]: Starting Set console font and keymap...
Dec  6 12:15:48 ubuntu kernel: [    5.548111] Btrfs loaded, crc32c=crc32c-generic
Dec  6 12:15:48 ubuntu kernel: [    5.720585] EXT4-fs (mmcblk0p2): mounted filesystem with ordered data mode. Opts: (null)
Dec  6 12:15:48 ubuntu kernel: [    6.371514] systemd[1]: System time before build time, advancing clock.
Dec  6 12:15:48 ubuntu kernel: [    6.419650] systemd[1]: Inserted module 'autofs4'
Dec  6 12:15:48 ubuntu kernel: [    6.491667] systemd[1]: systemd 245.4-4ubuntu3.3 running in system mode. (+PAM +AUDIT +SELINUX +IMA +APPARMOR +SMACK +SYSVINIT +UTMP +LIBCRYPTSETUP +GCRYPT +GNUTLS +ACL +XZ +LZ4 +SECCOMP +BLKID +ELFUTILS +KMOD +IDN2 -IDN +PCRE2 default-hierarchy=hybrid)
Dec  6 12:15:48 ubuntu kernel: [    6.492348] systemd[1]: Detected architecture arm64.
Dec  6 12:15:48 ubuntu kernel: [    6.563432] systemd[1]: Set hostname to <ubuntu>.
Dec  6 12:15:48 ubuntu kernel: [    7.244042] systemd[1]: /lib/systemd/system/dbus.socket:5: ListenStream= references a path below legacy directory /var/run/, updating /var/run/dbus/system_bus_socket â†’ /run/dbus/system_bus_socket; please update the unit file accordingly.
Dec  6 12:15:48 ubuntu kernel: [    7.420964] systemd[1]: Created slice system-modprobe.slice.
Dec  6 12:15:48 ubuntu systemd[1]: Starting Create final runtime dir for shutdown pivot root...
Dec  6 12:15:48 ubuntu kernel: [    7.421838] systemd[1]: Created slice system-serial\x2dgetty.slice.
Dec  6 12:15:48 ubuntu kernel: [    7.422504] systemd[1]: Created slice system-systemd\x2dfsck.slice.
Dec  6 12:15:48 ubuntu kernel: [    7.423067] systemd[1]: Created slice User and Session Slice.
Dec  6 12:15:48 ubuntu kernel: [    7.423332] systemd[1]: Started Forward Password Requests to Wall Directory Watch.
Dec  6 12:15:48 ubuntu kernel: [    7.429257] systemd[1]: Set up automount Arbitrary Executable File Formats File System Automount Point.
Dec  6 12:15:48 ubuntu kernel: [    7.429431] systemd[1]: Reached target User and Group Name Lookups.
Dec  6 12:15:48 ubuntu kernel: [    7.429485] systemd[1]: Reached target Slices.
Dec  6 12:15:48 ubuntu kernel: [    7.429531] systemd[1]: Reached target Swap.
Dec  6 12:15:48 ubuntu systemd[1]: Condition check resulted in LXD - agent - 9p mount being skipped.
Dec  6 12:15:48 ubuntu kernel: [    7.429806] systemd[1]: Listening on Device-mapper event daemon FIFOs.
Dec  6 12:15:48 ubuntu kernel: [    7.430193] systemd[1]: Listening on LVM2 poll daemon socket.
Dec  6 12:15:48 ubuntu kernel: [    7.430425] systemd[1]: Listening on multipathd control socket.
Dec  6 12:15:48 ubuntu kernel: [    7.430778] systemd[1]: Listening on Syslog Socket.
Dec  6 12:15:48 ubuntu kernel: [    7.431117] systemd[1]: Listening on fsck to fsckd communication Socket.
Dec  6 12:15:48 ubuntu kernel: [    7.431313] systemd[1]: Listening on initctl Compatibility Named Pipe.
Dec  6 12:15:48 ubuntu kernel: [    7.431995] systemd[1]: Listening on Journal Audit Socket.
Dec  6 12:15:48 ubuntu kernel: [    7.432340] systemd[1]: Listening on Journal Socket (/dev/log).
Dec  6 12:15:48 ubuntu kernel: [    7.432774] systemd[1]: Listening on Journal Socket.
Dec  6 12:15:48 ubuntu kernel: [    7.433207] systemd[1]: Listening on Network Service Netlink Socket.
Dec  6 12:15:48 ubuntu kernel: [    7.433570] systemd[1]: Listening on udev Control Socket.
Dec  6 12:15:48 ubuntu systemd[1]: Condition check resulted in LXD - agent being skipped.
Dec  6 12:15:48 ubuntu kernel: [    7.433828] systemd[1]: Listening on udev Kernel Socket.
Dec  6 12:15:48 ubuntu kernel: [    7.434164] systemd[1]: Condition check resulted in Huge Pages File System being skipped.
Dec  6 12:15:48 ubuntu kernel: [    7.437414] systemd[1]: Mounting POSIX Message Queue File System...
Dec  6 12:15:48 ubuntu kernel: [    7.441202] systemd[1]: Mounting Kernel Debug File System...
Dec  6 12:15:48 ubuntu kernel: [    7.445205] systemd[1]: Mounting Kernel Trace File System...
Dec  6 12:15:48 ubuntu kernel: [    7.450617] systemd[1]: Starting Journal Service...
Dec  6 12:15:48 ubuntu kernel: [    7.454535] systemd[1]: Starting Set the console keyboard layout...
Dec  6 12:15:48 ubuntu kernel: [    7.458463] systemd[1]: Starting Create list of static device nodes for the current kernel...
Dec  6 12:15:48 ubuntu systemd[1]: Starting Initial cloud-init job (pre-networking)...
Dec  6 12:15:48 ubuntu kernel: [    7.462555] systemd[1]: Starting Monitoring of LVM2 mirrors, snapshots etc. using dmeventd or progress polling...
